Archive member included to satisfy reference by file (symbol)

c:/fehqt/proteus/gcc/bin/../lib/gcc/arm-none-eabi/9.2.1/../../../../arm-none-eabi/lib/thumb/v7e-m/nofp\libstdc++.a(del_ops.o)
                              Libraries/FEHIO.o (operator delete(void*, unsigned int))
c:/fehqt/proteus/gcc/bin/../lib/gcc/arm-none-eabi/9.2.1/../../../../arm-none-eabi/lib/thumb/v7e-m/nofp\libstdc++.a(new_op.o)
                              ../main.o (operator new(unsigned int))
c:/fehqt/proteus/gcc/bin/../lib/gcc/arm-none-eabi/9.2.1/../../../../arm-none-eabi/lib/thumb/v7e-m/nofp\libstdc++.a(bad_alloc.o)
                              c:/fehqt/proteus/gcc/bin/../lib/gcc/arm-none-eabi/9.2.1/../../../../arm-none-eabi/lib/thumb/v7e-m/nofp\libstdc++.a(new_op.o) (std::bad_alloc::~bad_alloc())
c:/fehqt/proteus/gcc/bin/../lib/gcc/arm-none-eabi/9.2.1/../../../../arm-none-eabi/lib/thumb/v7e-m/nofp\libstdc++.a(del_op.o)
                              c:/fehqt/proteus/gcc/bin/../lib/gcc/arm-none-eabi/9.2.1/../../../../arm-none-eabi/lib/thumb/v7e-m/nofp\libstdc++.a(del_ops.o) (operator delete(void*))
c:/fehqt/proteus/gcc/bin/../lib/gcc/arm-none-eabi/9.2.1/../../../../arm-none-eabi/lib/thumb/v7e-m/nofp\libstdc++.a(eh_alloc.o)
                              c:/fehqt/proteus/gcc/bin/../lib/gcc/arm-none-eabi/9.2.1/../../../../arm-none-eabi/lib/thumb/v7e-m/nofp\libstdc++.a(new_op.o) (__cxa_allocate_exception)
c:/fehqt/proteus/gcc/bin/../lib/gcc/arm-none-eabi/9.2.1/../../../../arm-none-eabi/lib/thumb/v7e-m/nofp\libstdc++.a(eh_exception.o)
                              c:/fehqt/proteus/gcc/bin/../lib/gcc/arm-none-eabi/9.2.1/../../../../arm-none-eabi/lib/thumb/v7e-m/nofp\libstdc++.a(bad_alloc.o) (std::exception::~exception())
c:/fehqt/proteus/gcc/bin/../lib/gcc/arm-none-eabi/9.2.1/../../../../arm-none-eabi/lib/thumb/v7e-m/nofp\libstdc++.a(eh_terminate.o)
                              c:/fehqt/proteus/gcc/bin/../lib/gcc/arm-none-eabi/9.2.1/../../../../arm-none-eabi/lib/thumb/v7e-m/nofp\libstdc++.a(eh_alloc.o) (std::terminate())
c:/fehqt/proteus/gcc/bin/../lib/gcc/arm-none-eabi/9.2.1/../../../../arm-none-eabi/lib/thumb/v7e-m/nofp\libstdc++.a(eh_throw.o)
                              c:/fehqt/proteus/gcc/bin/../lib/gcc/arm-none-eabi/9.2.1/../../../../arm-none-eabi/lib/thumb/v7e-m/nofp\libstdc++.a(new_op.o) (__cxa_throw)
c:/fehqt/proteus/gcc/bin/../lib/gcc/arm-none-eabi/9.2.1/../../../../arm-none-eabi/lib/thumb/v7e-m/nofp\libstdc++.a(eh_unex_handler.o)
                              c:/fehqt/proteus/gcc/bin/../lib/gcc/arm-none-eabi/9.2.1/../../../../arm-none-eabi/lib/thumb/v7e-m/nofp\libstdc++.a(eh_terminate.o) (__cxxabiv1::__unexpected_handler)
c:/fehqt/proteus/gcc/bin/../lib/gcc/arm-none-eabi/9.2.1/../../../../arm-none-eabi/lib/thumb/v7e-m/nofp\libstdc++.a(new_handler.o)
                              c:/fehqt/proteus/gcc/bin/../lib/gcc/arm-none-eabi/9.2.1/../../../../arm-none-eabi/lib/thumb/v7e-m/nofp\libstdc++.a(new_op.o) (std::get_new_handler())
c:/fehqt/proteus/gcc/bin/../lib/gcc/arm-none-eabi/9.2.1/../../../../arm-none-eabi/lib/thumb/v7e-m/nofp\libstdc++.a(pure.o)
                              c:/fehqt/proteus/gcc/bin/../lib/gcc/arm-none-eabi/9.2.1/../../../../arm-none-eabi/lib/thumb/v7e-m/nofp\libstdc++.a(eh_exception.o) (__cxa_pure_virtual)
c:/fehqt/proteus/gcc/bin/../lib/gcc/arm-none-eabi/9.2.1/../../../../arm-none-eabi/lib/thumb/v7e-m/nofp\libstdc++.a(si_class_type_info.o)
                              c:/fehqt/proteus/gcc/bin/../lib/gcc/arm-none-eabi/9.2.1/../../../../arm-none-eabi/lib/thumb/v7e-m/nofp\libstdc++.a(bad_alloc.o) (vtable for __cxxabiv1::__si_class_type_info)
c:/fehqt/proteus/gcc/bin/../lib/gcc/arm-none-eabi/9.2.1/../../../../arm-none-eabi/lib/thumb/v7e-m/nofp\libstdc++.a(tinfo.o)
                              c:/fehqt/proteus/gcc/bin/../lib/gcc/arm-none-eabi/9.2.1/../../../../arm-none-eabi/lib/thumb/v7e-m/nofp\libstdc++.a(si_class_type_info.o) (std::type_info::__is_pointer_p() const)
c:/fehqt/proteus/gcc/bin/../lib/gcc/arm-none-eabi/9.2.1/../../../../arm-none-eabi/lib/thumb/v7e-m/nofp\libstdc++.a(vterminate.o)
                              c:/fehqt/proteus/gcc/bin/../lib/gcc/arm-none-eabi/9.2.1/../../../../arm-none-eabi/lib/thumb/v7e-m/nofp\libstdc++.a(eh_terminate.o) (__gnu_cxx::__verbose_terminate_handler())
c:/fehqt/proteus/gcc/bin/../lib/gcc/arm-none-eabi/9.2.1/../../../../arm-none-eabi/lib/thumb/v7e-m/nofp\libstdc++.a(class_type_info.o)
                              c:/fehqt/proteus/gcc/bin/../lib/gcc/arm-none-eabi/9.2.1/../../../../arm-none-eabi/lib/thumb/v7e-m/nofp\libstdc++.a(si_class_type_info.o) (__cxxabiv1::__class_type_info::__do_upcast(__cxxabiv1::__class_type_info const*, void**) const)
c:/fehqt/proteus/gcc/bin/../lib/gcc/arm-none-eabi/9.2.1/../../../../arm-none-eabi/lib/thumb/v7e-m/nofp\libstdc++.a(cp-demangle.o)
                              c:/fehqt/proteus/gcc/bin/../lib/gcc/arm-none-eabi/9.2.1/../../../../arm-none-eabi/lib/thumb/v7e-m/nofp\libstdc++.a(vterminate.o) (__cxa_demangle)
[...]
Memory Configuration

Name             Origin             Length             Attributes
PROGRAM_FLASH    0x0000c000         0x00073c00         xr
SRAM_UPPER       0x20000000         0x00010000         xrw
SRAM_LOWER       0x1fff0000         0x00010000         xrw
*default*        0x00000000         0xffffffff

Linker script and memory map

LOAD c:/fehqt/proteus/gcc/bin/../lib/gcc/arm-none-eabi/9.2.1/thumb/v7e-m/nofp/crti.o
LOAD c:/fehqt/proteus/gcc/bin/../lib/gcc/arm-none-eabi/9.2.1/thumb/v7e-m/nofp/crtbegin.o
LOAD c:/fehqt/proteus/gcc/bin/../lib/gcc/arm-none-eabi/9.2.1/../../../../arm-none-eabi/lib/thumb/v7e-m/nofp/crt0.o
LOAD ../screencontroller.o
LOAD ../main.o
LOAD Startup/startup_mk60d10.o
LOAD Libraries/FEHMotor.o
LOAD Drivers/mcg.o
LOAD Drivers/i2c.o
LOAD Drivers/spi.o
LOAD Drivers/uart.o
LOAD Drivers/ff.o
LOAD Drivers/SDHC.o
LOAD Drivers/lptmr.o
LOAD FEHProteus.o
LOAD Drivers/FEHPropeller.o
LOAD Libraries/FEHUtility.o
LOAD Libraries/FEHIO.o
LOAD Drivers/adc16.o
LOAD Libraries/FEHBuzzer.o
LOAD Libraries/FEHServo.o
LOAD Libraries/FEHLCD.o
LOAD Libraries/FEHAccel.o
LOAD Libraries/FEHBattery.o
LOAD Drivers/FEHXBee.o
LOAD Libraries/FEHRPS.o
LOAD Libraries/FEHSD.o
LOAD Libraries/FEHRandom.o
LOAD c:/fehqt/proteus/gcc/bin/../lib/gcc/arm-none-eabi/9.2.1/../../../../arm-none-eabi/lib/thumb/v7e-m/nofp\libstdc++.a
LOAD c:/fehqt/proteus/gcc/bin/../lib/gcc/arm-none-eabi/9.2.1/../../../../arm-none-eabi/lib/thumb/v7e-m/nofp\libm.a
START GROUP
LOAD c:/fehqt/proteus/gcc/bin/../lib/gcc/arm-none-eabi/9.2.1/thumb/v7e-m/nofp\libgcc.a
LOAD c:/fehqt/proteus/gcc/bin/../lib/gcc/arm-none-eabi/9.2.1/../../../../arm-none-eabi/lib/thumb/v7e-m/nofp\libg.a
LOAD c:/fehqt/proteus/gcc/bin/../lib/gcc/arm-none-eabi/9.2.1/../../../../arm-none-eabi/lib/thumb/v7e-m/nofp\libc.a
END GROUP
START GROUP
LOAD c:/fehqt/proteus/gcc/bin/../lib/gcc/arm-none-eabi/9.2.1/thumb/v7e-m/nofp\libgcc.a
LOAD c:/fehqt/proteus/gcc/bin/../lib/gcc/arm-none-eabi/9.2.1/../../../../arm-none-eabi/lib/thumb/v7e-m/nofp\libc.a
LOAD c:/fehqt/proteus/gcc/bin/../lib/gcc/arm-none-eabi/9.2.1/../../../../arm-none-eabi/lib/thumb/v7e-m/nofp\libnosys.a
END GROUP
LOAD c:/fehqt/proteus/gcc/bin/../lib/gcc/arm-none-eabi/9.2.1/thumb/v7e-m/nofp/crtend.o
LOAD c:/fehqt/proteus/gcc/bin/../lib/gcc/arm-none-eabi/9.2.1/thumb/v7e-m/nofp/crtn.o
                0x0000c000                __base_PROGRAM_FLASH = 0xc000
                0x0000c000                __base_Flash = 0xc000
                0x0007fc00                __top_PROGRAM_FLASH = 0x7fc00
                0x0007fc00                __top_Flash = 0x7fc00
                0x20000000                __base_SRAM_UPPER = 0x20000000
                0x20000000                __base_RAM = 0x20000000
                0x20010000                __top_SRAM_UPPER = 0x20010000
                0x20010000                __top_RAM = 0x20010000
                0x1fff0000                __base_SRAM_LOWER = 0x1fff0000
                0x1fff0000                __base_RAM2 = 0x1fff0000
                0x20000000                __top_SRAM_LOWER = 0x20000000
                0x20000000                __top_RAM2 = 0x20000000

.text           0x0000c000    0x15ee4
 FILL mask 0xff
                0x0000c000                __vectors_start__ = ABSOLUTE (.)
 *(.isr_vector)
 .isr_vector    0x0000c000      0x1bc Startup/startup_mk60d10.o
                0x0000c000                g_pfnVectors
                0x0000c000                __Vectors
                0x0000c1bc                . = ALIGN (0x4)
                0x0000c1bc                __section_table_start = .
                0x0000c1bc                __data_section_table = .
                0x0000c1bc        0x4 LONG 0x22164 LOADADDR (.data)
                0x0000c1c0        0x4 LONG 0x20000000 ADDR (.data)
                0x0000c1c4        0x4 LONG 0x16d0 SIZEOF (.data)
                0x0000c1c8        0x4 LONG 0x22164 LOADADDR (.data_RAM2)
                0x0000c1cc        0x4 LONG 0x1fff0000 ADDR (.data_RAM2)
                0x0000c1d0        0x4 LONG 0x0 SIZEOF (.data_RAM2)
                0x0000c1d4                __data_section_table_end = .
                0x0000c1d4                __bss_section_table = .
                0x0000c1d4        0x4 LONG 0x200016d0 ADDR (.bss)
                0x0000c1d8        0x4 LONG 0x47c SIZEOF (.bss)
                0x0000c1dc        0x4 LONG 0x1fff0000 ADDR (.bss_RAM2)
                0x0000c1e0        0x4 LONG 0x0 SIZEOF (.bss_RAM2)
                0x0000c1e4                __bss_section_table_end = .
                0x0000c1e4                __section_table_end = .
 *(.after_vectors*)
 .after_vectors.init_data
                0x0000c1e4       0x42 Startup/startup_mk60d10.o
                0x0000c1e4                data_init(unsigned int, unsigned int, unsigned int)
 .after_vectors.init_bss
                0x0000c226       0x36 Startup/startup_mk60d10.o
                0x0000c226                bss_init(unsigned int, unsigned int)
 .after_vectors.reset
                0x0000c25c       0xb4 Startup/startup_mk60d10.o
                0x0000c25c                ResetISR
 .after_vectors
                0x0000c310       0x3c Startup/startup_mk60d10.o
                0x0000c310                NMI_Handler
                0x0000c316                HardFault_Handler
                0x0000c31c                MemManage_Handler
                0x0000c322                BusFault_Handler
                0x0000c328                UsageFault_Handler
                0x0000c32e                SVC_Handler
                0x0000c334                DebugMon_Handler
                0x0000c33a                PendSV_Handler
                0x0000c340                SysTick_Handler
                0x0000c346                DMA_Error_DriverIRQHandler
                0x0000c346                LPTMR0_DriverIRQHandler
                0x0000c346                FTM1_DriverIRQHandler
                0x0000c346                FTM2_DriverIRQHandler
                0x0000c346                PIT2_DriverIRQHandler
                0x0000c346                SDHC_DriverIRQHandler
                0x0000c346                I2S0_Tx_DriverIRQHandler
                0x0000c346                TSI0_DriverIRQHandler
                0x0000c346                RTC_Seconds_DriverIRQHandler
                0x0000c346                Reserved109_DriverIRQHandler
                0x0000c346                DMA6_DriverIRQHandler
                0x0000c346                LLWU_DriverIRQHandler
                0x0000c346                MCM_DriverIRQHandler
                0x0000c346                MCG_DriverIRQHandler
                0x0000c346                ENET_1588_Timer_DriverIRQHandler
                0x0000c346                DAC1_DriverIRQHandler
                0x0000c346                SPI1_DriverIRQHandler
                0x0000c346                CMP1_DriverIRQHandler
                0x0000c346                UART5_RX_TX_DriverIRQHandler
                0x0000c346                FTM0_DriverIRQHandler
                0x0000c346                IntDefaultHandler
                0x0000c346                USB0_DriverIRQHandler
                0x0000c346                UART5_ERR_DriverIRQHandler
                0x0000c346                DMA11_DriverIRQHandler
                0x0000c346                DAC0_DriverIRQHandler
                0x0000c346                DMA10_DriverIRQHandler
                0x0000c346                CMP2_DriverIRQHandler
                0x0000c346                UART2_ERR_DriverIRQHandler
                0x0000c346                SPI2_DriverIRQHandler
                0x0000c346                LVD_LVW_DriverIRQHandler
                0x0000c346                RNG_DriverIRQHandler
                0x0000c346                DMA12_DriverIRQHandler
                0x0000c346                DMA4_DriverIRQHandler
                0x0000c346                UART2_RX_TX_DriverIRQHandler
                0x0000c346                USBDCD_DriverIRQHandler
                0x0000c346                UART3_ERR_DriverIRQHandler
                0x0000c346                DMA3_DriverIRQHandler
                0x0000c346                DMA8_DriverIRQHandler
                0x0000c346                DMA9_DriverIRQHandler
                0x0000c346                UART0_ERR_DriverIRQHandler
                0x0000c346                CMT_DriverIRQHandler
                0x0000c346                ADC1_DriverIRQHandler
                0x0000c346                DMA14_DriverIRQHandler
                0x0000c346                PIT3_DriverIRQHandler
                0x0000c346                PIT1_DriverIRQHandler
                0x0000c346                WDOG_EWM_DriverIRQHandler
                0x0000c346                PDB0_DriverIRQHandler
                0x0000c346                Reserved95_DriverIRQHandler
                0x0000c346                RTC_DriverIRQHandler
                0x0000c346                I2S0_Rx_DriverIRQHandler
                0x0000c346                Read_Collision_DriverIRQHandler
                0x0000c346                SWI_DriverIRQHandler
                0x0000c346                UART4_RX_TX_DriverIRQHandler
                0x0000c346                UART4_ERR_DriverIRQHandler
                0x0000c346                DMA0_DriverIRQHandler
                0x0000c346                UART0_LON_DriverIRQHandler
                0x0000c346                Reserved102_DriverIRQHandler
                0x0000c346                DMA1_DriverIRQHandler
                0x0000c346                I2C1_DriverIRQHandler
                0x0000c346                UART3_RX_TX_DriverIRQHandler
                0x0000c346                ENET_Receive_DriverIRQHandler
                0x0000c346                DMA13_DriverIRQHandler
                0x0000c346                ENET_Error_DriverIRQHandler
                0x0000c346                DMA15_DriverIRQHandler
                0x0000c346                SPI0_DriverIRQHandler
                0x0000c346                ADC0_DriverIRQHandler
                0x0000c346                FTFL_DriverIRQHandler
                0x0000c346                CMP0_DriverIRQHandler
                0x0000c346                CAN0_DriverIRQHandler
                0x0000c346                Reserved59_DriverIRQHandler
                0x0000c346                DMA5_DriverIRQHandler
                0x0000c346                UART1_ERR_DriverIRQHandler
                0x0000c346                DMA2_DriverIRQHandler
                0x0000c346                ENET_Transmit_DriverIRQHandler
                0x0000c346                I2C0_DriverIRQHandler
                0x0000c346                CAN1_DriverIRQHandler
                0x0000c346                DMA7_DriverIRQHandler
                0x0000c346                UART1_RX_TX_DriverIRQHandler
                0x0000c346                Reserved108_DriverIRQHandler
                0x00000400                . = 0x400
 *fill*         0x0000c34c       0xb4 ff
                0x0000c400                PROVIDE (__FLASH_CONFIG_START__ = .)
 *(.FlashConfig)
 .FlashConfig   0x0000c400       0x10 Startup/startup_mk60d10.o
                0x0000c410                PROVIDE (__FLASH_CONFIG_END__ = .)
                0x00000001                ASSERT (! ((__FLASH_CONFIG_START__ == __FLASH_CONFIG_END__)), Linker Flash Config Support Enabled, but no .FlashConfig section provided within application)
 *(.text*)
 .text          0x0000c410       0x40 c:/fehqt/proteus/gcc/bin/../lib/gcc/arm-none-eabi/9.2.1/thumb/v7e-m/nofp/crtbegin.o
 .text._ZN16ScreenControllerC2Ev
                0x0000c450       0x14 ../screencontroller.o
                0x0000c450                ScreenController::ScreenController()
                0x0000c450                ScreenController::ScreenController()
 .text._ZN16ScreenController11clearScreenEv
                0x0000c464       0x2c ../screencontroller.o
                0x0000c464                ScreenController::clearScreen()
 .text._ZN16ScreenController24displayFullScreenMessageEPKc
                0x0000c490       0x38 ../screencontroller.o
                0x0000c490                ScreenController::displayFullScreenMessage(char const*)
 .text._ZN16ScreenController21displayBatteryVoltageEv
                0x0000c4c8       0x28 ../screencontroller.o
                0x0000c4c8                ScreenController::displayBatteryVoltage()
 .text.main     0x0000c4f0       0x78 ../main.o
                0x0000c4f0                main
 .text.PORTD_IRQHandler
                0x0000c568       0x50 Startup/startup_mk60d10.o
                0x0000c568                PORTD_IRQHandler
 .text._Z15InitPowerButtonv
                0x0000c5b8       0x60 Startup/startup_mk60d10.o
                0x0000c5b8                InitPowerButton()
 .text._ZL11pll_init_blv
                0x0000c618       0xdc Startup/startup_mk60d10.o
 .text._Z14InitFEHProteusv
                0x0000c6f4       0xf8 Startup/startup_mk60d10.o
                0x0000c6f4                InitFEHProteus()
 .text.DMA0_IRQHandler
                0x0000c7ec        0xc Startup/startup_mk60d10.o
                0x0000c7ec                DMA0_IRQHandler
 .text.DMA1_IRQHandler
                0x0000c7f8        0xc Startup/startup_mk60d10.o
                0x0000c7f8                DMA1_IRQHandler
 .text.DMA2_IRQHandler
                0x0000c804        0xc Startup/startup_mk60d10.o
                0x0000c804                DMA2_IRQHandler
 .text.DMA3_IRQHandler
                0x0000c810        0xc Startup/startup_mk60d10.o
                0x0000c810                DMA3_IRQHandler
 .text.DMA4_IRQHandler
                0x0000c81c        0xc Startup/startup_mk60d10.o
                0x0000c81c                DMA4_IRQHandler
 .text.DMA5_IRQHandler
                0x0000c828        0xc Startup/startup_mk60d10.o
                0x0000c828                DMA5_IRQHandler
 .text.DMA6_IRQHandler
                0x0000c834        0xc Startup/startup_mk60d10.o
                0x0000c834                DMA6_IRQHandler
 .text.DMA7_IRQHandler
                0x0000c840        0xc Startup/startup_mk60d10.o
                0x0000c840                DMA7_IRQHandler
 .text.DMA8_IRQHandler
                0x0000c84c        0xc Startup/startup_mk60d10.o
                0x0000c84c                DMA8_IRQHandler
 .text.DMA9_IRQHandler
                0x0000c858        0xc Startup/startup_mk60d10.o
                0x0000c858                DMA9_IRQHandler
 .text.DMA10_IRQHandler
                0x0000c864        0xc Startup/startup_mk60d10.o
                0x0000c864                DMA10_IRQHandler
 .text.DMA11_IRQHandler
                0x0000c870        0xc Startup/startup_mk60d10.o
                0x0000c870                DMA11_IRQHandler
 .text.DMA12_IRQHandler
                0x0000c87c        0xc Startup/startup_mk60d10.o
                0x0000c87c                DMA12_IRQHandler
 .text.DMA13_IRQHandler
                0x0000c888        0xc Startup/startup_mk60d10.o
                0x0000c888                DMA13_IRQHandler
 .text.DMA14_IRQHandler
                0x0000c894        0xc Startup/startup_mk60d10.o
                0x0000c894                DMA14_IRQHandler
 .text.DMA15_IRQHandler
                0x0000c8a0        0xc Startup/startup_mk60d10.o
                0x0000c8a0                DMA15_IRQHandler
 .text.DMA_Error_IRQHandler
                0x0000c8ac        0xc Startup/startup_mk60d10.o
                0x0000c8ac                DMA_Error_IRQHandler
 .text.MCM_IRQHandler
                0x0000c8b8        0xc Startup/startup_mk60d10.o
                0x0000c8b8                MCM_IRQHandler
 .text.FTFL_IRQHandler
                0x0000c8c4        0xc Startup/startup_mk60d10.o
                0x0000c8c4                FTFL_IRQHandler
 .text.Read_Collision_IRQHandler
                0x0000c8d0        0xc Startup/startup_mk60d10.o
                0x0000c8d0                Read_Collision_IRQHandler
 .text.LVD_LVW_IRQHandler
                0x0000c8dc        0xc Startup/startup_mk60d10.o
                0x0000c8dc                LVD_LVW_IRQHandler
 .text.LLWU_IRQHandler
                0x0000c8e8        0xc Startup/startup_mk60d10.o
                0x0000c8e8                LLWU_IRQHandler
 .text.WDOG_EWM_IRQHandler
                0x0000c8f4        0xc Startup/startup_mk60d10.o
                0x0000c8f4                WDOG_EWM_IRQHandler
 .text.RNG_IRQHandler
                0x0000c900        0xc Startup/startup_mk60d10.o
                0x0000c900                RNG_IRQHandler
 .text.I2C0_IRQHandler
                0x0000c90c        0xc Startup/startup_mk60d10.o
                0x0000c90c                I2C0_IRQHandler
 .text.I2C1_IRQHandler
                0x0000c918        0xc Startup/startup_mk60d10.o
                0x0000c918                I2C1_IRQHandler
 .text.SPI0_IRQHandler
                0x0000c924        0xc Startup/startup_mk60d10.o
                0x0000c924                SPI0_IRQHandler
 .text.SPI1_IRQHandler
                0x0000c930        0xc Startup/startup_mk60d10.o
                0x0000c930                SPI1_IRQHandler
 .text.SPI2_IRQHandler
                0x0000c93c        0xc Startup/startup_mk60d10.o
                0x0000c93c                SPI2_IRQHandler
 .text.CAN0_ORed_Message_buffer_IRQHandler
                0x0000c948        0xc Startup/startup_mk60d10.o
                0x0000c948                CAN0_ORed_Message_buffer_IRQHandler
 .text.CAN0_Bus_Off_IRQHandler
                0x0000c954        0xc Startup/startup_mk60d10.o
                0x0000c954                CAN0_Bus_Off_IRQHandler
 .text.CAN0_Error_IRQHandler
                0x0000c960        0xc Startup/startup_mk60d10.o
                0x0000c960                CAN0_Error_IRQHandler
 .text.CAN0_Tx_Warning_IRQHandler
                0x0000c96c        0xc Startup/startup_mk60d10.o
                0x0000c96c                CAN0_Tx_Warning_IRQHandler
 .text.CAN0_Rx_Warning_IRQHandler
                0x0000c978        0xc Startup/startup_mk60d10.o
                0x0000c978                CAN0_Rx_Warning_IRQHandler
 .text.CAN0_Wake_Up_IRQHandler
                0x0000c984        0xc Startup/startup_mk60d10.o
                0x0000c984                CAN0_Wake_Up_IRQHandler
 .text.I2S0_Tx_IRQHandler
                0x0000c990        0xc Startup/startup_mk60d10.o
                0x0000c990                I2S0_Tx_IRQHandler
 .text.I2S0_Rx_IRQHandler
                0x0000c99c        0xc Startup/startup_mk60d10.o
                0x0000c99c                I2S0_Rx_IRQHandler
 .text.CAN1_ORed_Message_buffer_IRQHandler
                0x0000c9a8        0xc Startup/startup_mk60d10.o
                0x0000c9a8                CAN1_ORed_Message_buffer_IRQHandler
 .text.CAN1_Bus_Off_IRQHandler
                0x0000c9b4        0xc Startup/startup_mk60d10.o
                0x0000c9b4                CAN1_Bus_Off_IRQHandler
 .text.CAN1_Error_IRQHandler
                0x0000c9c0        0xc Startup/startup_mk60d10.o
                0x0000c9c0                CAN1_Error_IRQHandler
 .text.CAN1_Tx_Warning_IRQHandler
                0x0000c9cc        0xc Startup/startup_mk60d10.o
                0x0000c9cc                CAN1_Tx_Warning_IRQHandler
 .text.CAN1_Rx_Warning_IRQHandler
                0x0000c9d8        0xc Startup/startup_mk60d10.o
                0x0000c9d8                CAN1_Rx_Warning_IRQHandler
 .text.CAN1_Wake_Up_IRQHandler
                0x0000c9e4        0xc Startup/startup_mk60d10.o
                0x0000c9e4                CAN1_Wake_Up_IRQHandler
 .text.Reserved59_IRQHandler
                0x0000c9f0        0xc Startup/startup_mk60d10.o
                0x0000c9f0                Reserved59_IRQHandler
 .text.UART0_LON_IRQHandler
                0x0000c9fc        0xc Startup/startup_mk60d10.o
                0x0000c9fc                UART0_LON_IRQHandler
 .text.UART0_ERR_IRQHandler
                0x0000ca08        0xc Startup/startup_mk60d10.o
                0x0000ca08                UART0_ERR_IRQHandler
 .text.UART1_RX_TX_IRQHandler
                0x0000ca14        0xc Startup/startup_mk60d10.o
                0x0000ca14                UART1_RX_TX_IRQHandler
 .text.UART1_ERR_IRQHandler
                0x0000ca20        0xc Startup/startup_mk60d10.o
                0x0000ca20                UART1_ERR_IRQHandler
 .text.UART2_RX_TX_IRQHandler
                0x0000ca2c        0xc Startup/startup_mk60d10.o
                0x0000ca2c                UART2_RX_TX_IRQHandler
 .text.UART2_ERR_IRQHandler
                0x0000ca38        0xc Startup/startup_mk60d10.o
                0x0000ca38                UART2_ERR_IRQHandler
 .text.UART3_RX_TX_IRQHandler
                0x0000ca44        0xc Startup/startup_mk60d10.o
                0x0000ca44                UART3_RX_TX_IRQHandler
 .text.UART3_ERR_IRQHandler
                0x0000ca50        0xc Startup/startup_mk60d10.o
                0x0000ca50                UART3_ERR_IRQHandler
 .text.UART4_RX_TX_IRQHandler
                0x0000ca5c        0xc Startup/startup_mk60d10.o
                0x0000ca5c                UART4_RX_TX_IRQHandler
 .text.UART4_ERR_IRQHandler
                0x0000ca68        0xc Startup/startup_mk60d10.o
                0x0000ca68                UART4_ERR_IRQHandler
 .text.UART5_RX_TX_IRQHandler
                0x0000ca74        0xc Startup/startup_mk60d10.o
                0x0000ca74                UART5_RX_TX_IRQHandler
 .text.UART5_ERR_IRQHandler
                0x0000ca80        0xc Startup/startup_mk60d10.o
                0x0000ca80                UART5_ERR_IRQHandler
 .text.ADC0_IRQHandler
                0x0000ca8c        0xc Startup/startup_mk60d10.o
                0x0000ca8c                ADC0_IRQHandler
 .text.ADC1_IRQHandler
                0x0000ca98        0xc Startup/startup_mk60d10.o
                0x0000ca98                ADC1_IRQHandler
 .text.CMP0_IRQHandler
                0x0000caa4        0xc Startup/startup_mk60d10.o
                0x0000caa4                CMP0_IRQHandler
 .text.CMP1_IRQHandler
                0x0000cab0        0xc Startup/startup_mk60d10.o
                0x0000cab0                CMP1_IRQHandler
 .text.CMP2_IRQHandler
                0x0000cabc        0xc Startup/startup_mk60d10.o
                0x0000cabc                CMP2_IRQHandler
 .text.FTM0_IRQHandler
                0x0000cac8        0xc Startup/startup_mk60d10.o
                0x0000cac8                FTM0_IRQHandler
 .text.FTM1_IRQHandler
                0x0000cad4        0xc Startup/startup_mk60d10.o
                0x0000cad4                FTM1_IRQHandler
 .text.FTM2_IRQHandler
                0x0000cae0        0xc Startup/startup_mk60d10.o
                0x0000cae0                FTM2_IRQHandler
 .text.CMT_IRQHandler
                0x0000caec        0xc Startup/startup_mk60d10.o
                0x0000caec                CMT_IRQHandler
 .text.RTC_IRQHandler
                0x0000caf8        0xc Startup/startup_mk60d10.o
                0x0000caf8                RTC_IRQHandler
 .text.RTC_Seconds_IRQHandler
                0x0000cb04        0xc Startup/startup_mk60d10.o
                0x0000cb04                RTC_Seconds_IRQHandler
 .text.PIT1_IRQHandler
                0x0000cb10        0xc Startup/startup_mk60d10.o
                0x0000cb10                PIT1_IRQHandler
 .text.PIT2_IRQHandler
                0x0000cb1c        0xc Startup/startup_mk60d10.o
                0x0000cb1c                PIT2_IRQHandler
 .text.PIT3_IRQHandler
                0x0000cb28        0xc Startup/startup_mk60d10.o
                0x0000cb28                PIT3_IRQHandler
 .text.PDB0_IRQHandler
                0x0000cb34        0xc Startup/startup_mk60d10.o
                0x0000cb34                PDB0_IRQHandler
 .text.USB0_IRQHandler
                0x0000cb40        0xc Startup/startup_mk60d10.o
                0x0000cb40                USB0_IRQHandler
 .text.USBDCD_IRQHandler
                0x0000cb4c        0xc Startup/startup_mk60d10.o
                0x0000cb4c                USBDCD_IRQHandler
 .text.ENET_1588_Timer_IRQHandler
                0x0000cb58        0xc Startup/startup_mk60d10.o
                0x0000cb58                ENET_1588_Timer_IRQHandler
 .text.ENET_Transmit_IRQHandler
                0x0000cb64        0xc Startup/startup_mk60d10.o
                0x0000cb64                ENET_Transmit_IRQHandler
 .text.ENET_Receive_IRQHandler
                0x0000cb70        0xc Startup/startup_mk60d10.o
                0x0000cb70                ENET_Receive_IRQHandler
 .text.ENET_Error_IRQHandler
                0x0000cb7c        0xc Startup/startup_mk60d10.o
                0x0000cb7c                ENET_Error_IRQHandler
 .text.Reserved95_IRQHandler
                0x0000cb88        0xc Startup/startup_mk60d10.o
                0x0000cb88                Reserved95_IRQHandler
 .text.SDHC_IRQHandler
                0x0000cb94        0xc Startup/startup_mk60d10.o
                0x0000cb94                SDHC_IRQHandler
 .text.DAC0_IRQHandler
                0x0000cba0        0xc Startup/startup_mk60d10.o
                0x0000cba0                DAC0_IRQHandler
 .text.DAC1_IRQHandler
                0x0000cbac        0xc Startup/startup_mk60d10.o
                0x0000cbac                DAC1_IRQHandler
 .text.TSI0_IRQHandler
                0x0000cbb8        0xc Startup/startup_mk60d10.o
                0x0000cbb8                TSI0_IRQHandler
 .text.MCG_IRQHandler
                0x0000cbc4        0xc Startup/startup_mk60d10.o
                0x0000cbc4                MCG_IRQHandler
 .text.LPTMR0_IRQHandler
                0x0000cbd0        0xc Startup/startup_mk60d10.o
                0x0000cbd0                LPTMR0_IRQHandler
 .text.Reserved102_IRQHandler
                0x0000cbdc        0xc Startup/startup_mk60d10.o
                0x0000cbdc                Reserved102_IRQHandler
 .text.Reserved108_IRQHandler
                0x0000cbe8        0xc Startup/startup_mk60d10.o
                0x0000cbe8                Reserved108_IRQHandler
 .text.Reserved109_IRQHandler
                0x0000cbf4        0xc Startup/startup_mk60d10.o
                0x0000cbf4                Reserved109_IRQHandler
 .text.SWI_IRQHandler
                0x0000cc00        0xc Startup/startup_mk60d10.o
                0x0000cc00                SWI_IRQHandler
 .text._Z21IIC_StartTransmissionhh
                0x0000cc0c       0x6c Drivers/i2c.o
                0x0000cc0c                IIC_StartTransmission(unsigned char, unsigned char)
 .text._Z5Pausev
                0x0000cc78       0x24 Drivers/i2c.o
                0x0000cc78                Pause()
 .text._Z21MMA8451QWriteRegisterhh
                0x0000cc9c       0x68 Drivers/i2c.o
                0x0000cc9c                MMA8451QWriteRegister(unsigned char, unsigned char)
 .text._Z8i2c_Waitv
                0x0000cd04       0x6c Drivers/i2c.o
                0x0000cd04                i2c_Wait()
 .text._Z12SPI_SendCharh
                0x0000cd70       0x1a Drivers/spi.o
                0x0000cd70                SPI_SendChar(unsigned char)
 .text._Z16SPI_WriteCommandhh
                0x0000cd8a       0x34 Drivers/spi.o
                0x0000cd8a                SPI_WriteCommand(unsigned char, unsigned char)
 .text._Z11SPI_GetCharv
                0x0000cdbe       0x10 Drivers/spi.o
                0x0000cdbe                SPI_GetChar()
 .text._Z15SPI_ReadCommandh
                0x0000cdce       0x38 Drivers/spi.o
                0x0000cdce                SPI_ReadCommand(unsigned char)
 *fill*         0x0000ce06        0x2 ff
 .text._Z13SPI_CS_Assertv
                0x0000ce08       0x1c Drivers/spi.o
                0x0000ce08                SPI_CS_Assert()
 .text._Z15SPI_CS_Deassertv
                0x0000ce24       0x1c Drivers/spi.o
                0x0000ce24                SPI_CS_Deassert()
 .text._Z12SPI_Transferh
                0x0000ce40       0x6c Drivers/spi.o
                0x0000ce40                SPI_Transfer(unsigned char)
 *fill*         0x0000ceac        0x4 ff
 .text._Z8SPI_Initv
                0x0000ceb0       0xa8 Drivers/spi.o
                0x0000ceb0                SPI_Init()
 .text._Z9uart_initPV11UART_MemMapii
                0x0000cf58      0x18c Drivers/uart.o
                0x0000cf58                uart_init(UART_MemMap volatile*, int, int)
 .text._Z12uart_getcharPV11UART_MemMap
                0x0000d0e4       0x32 Drivers/uart.o
                0x0000d0e4                uart_getchar(UART_MemMap volatile*)
 .text._ZL7mem_setPvij
                0x0000d116       0x3c Drivers/ff.o
 .text._ZL11move_windowP5FATFSm
                0x0000d152       0xc8 Drivers/ff.o
 .text._ZL4syncP5FATFS
                0x0000d21a      0x148 Drivers/ff.o
 .text._ZL8validateP5FATFSt
                0x0000d362       0x54 Drivers/ff.o
 .text._Z6f_syncP3FIL
                0x0000d3b6      0x17e Drivers/ff.o
                0x0000d3b6                f_sync(FIL*)
 .text._Z7f_closeP3FIL
                0x0000d534       0x28 Drivers/ff.o
                0x0000d534                f_close(FIL*)
 .text._ZL17SDHC_set_baudratemm
                0x0000d55c       0xe8 Drivers/SDHC.o
 .text._Z9SDHC_initP17esdhc_info_structPK17esdhc_init_struct
                0x0000d644      0x134 Drivers/SDHC.o
                0x0000d644                SDHC_init(esdhc_info_struct*, esdhc_init_struct const*)
 .text._ZL15SDHC_is_runningv
                0x0000d778       0x24 Drivers/SDHC.o
 .text._ZL16SDHC_status_waitm
                0x0000d79c       0x2c Drivers/SDHC.o
 .text._ZL17SDHC_send_commandP20esdhc_command_struct
                0x0000d7c8      0x1f8 Drivers/SDHC.o
 .text._Z10SDHC_ioctlmPv
                0x0000d9c0      0x6f4 Drivers/SDHC.o
                0x0000d9c0                SDHC_ioctl(unsigned long, void*)
 .text._ZL14rcvr_datablockPhm
                0x0000e0b4       0xf0 Drivers/SDHC.o
 .text._Z9disk_readhPhmh
                0x0000e1a4      0x124 Drivers/SDHC.o
                0x0000e1a4                disk_read(unsigned char, unsigned char*, unsigned long, unsigned char)
 .text._ZL14xmit_datablockPKhm
                0x0000e2c8       0xa4 Drivers/SDHC.o
 .text._Z10disk_writehPKhmh
                0x0000e36c      0x198 Drivers/SDHC.o
                0x0000e36c                disk_write(unsigned char, unsigned char const*, unsigned long, unsigned char)
 .text._Z10disk_ioctlhhPv
                0x0000e504      0x104 Drivers/SDHC.o
                0x0000e504                disk_ioctl(unsigned char, unsigned char, void*)
 .text._Z11disk_statush
                0x0000e608       0x28 Drivers/SDHC.o
                0x0000e608                disk_status(unsigned char)
 .text._Z13time_delay_msm
                0x0000e630       0x70 Drivers/lptmr.o
                0x0000e630                time_delay_ms(unsigned long)
 .text._Z41__static_initialization_and_destruction_0ii
                0x0000e6a0       0x2c FEHProteus.o
 .text._GLOBAL__sub_I_Propeller
                0x0000e6cc       0x10 FEHProteus.o
 .text._ZN12FEHPropellerC2Ev
                0x0000e6dc       0x1a Drivers/FEHPropeller.o
                0x0000e6dc                FEHPropeller::FEHPropeller()
                0x0000e6dc                FEHPropeller::FEHPropeller()
 *fill*         0x0000e6f6        0x2 ff
 .text._ZN12FEHPropeller10InitializeEv
                0x0000e6f8       0x74 Drivers/FEHPropeller.o
                0x0000e6f8                FEHPropeller::Initialize()
 .text._ZL5Delaymjj
                0x0000e76c       0x94 Libraries/FEHUtility.o
 .text._Z5Sleepi
                0x0000e800       0x2c Libraries/FEHUtility.o
                0x0000e800                Sleep(int)
 .text._Z5Sleepd
                0x0000e82c       0x4c Libraries/FEHUtility.o
                0x0000e82c                Sleep(double)
 .text._Z16PORTB_IRQHandlerv
                0x0000e878       0xb0 Libraries/FEHIO.o
                0x0000e878                PORTB_IRQHandler()
 .text._Z16PORTC_IRQHandlerv
                0x0000e928       0xa0 Libraries/FEHIO.o
                0x0000e928                PORTC_IRQHandler()
 .text._Z16PORTA_IRQHandlerv
                0x0000e9c8       0xa4 Libraries/FEHIO.o
                0x0000e9c8                PORTA_IRQHandler()
 .text._Z16PORTE_IRQHandlerv
                0x0000ea6c       0x9c Libraries/FEHIO.o
                0x0000ea6c                PORTE_IRQHandler()
 .text._ZN14AnalogInputPinC2EN5FEHIO8FEHIOPinE
                0x0000eb08       0x1e Libraries/FEHIO.o
                0x0000eb08                AnalogInputPin::AnalogInputPin(FEHIO::FEHIOPin)
                0x0000eb08                AnalogInputPin::AnalogInputPin(FEHIO::FEHIOPin)
 *fill*         0x0000eb26        0x2 ff
 .text._ZN14AnalogInputPin5ValueEv
                0x0000eb28      0x120 Libraries/FEHIO.o
                0x0000eb28                AnalogInputPin::Value()
 .text._ZN13AnalogEncoder12EncoderValueEv
                0x0000ec48       0xb0 Libraries/FEHIO.o
                0x0000ec48                AnalogEncoder::EncoderValue()
 .text._ZN14AnalogInputPin8InitADCsEv
                0x0000ecf8       0x98 Libraries/FEHIO.o
                0x0000ecf8                AnalogInputPin::InitADCs()
 .text._Z15PIT0_IRQHandlerv
                0x0000ed90       0x28 Libraries/FEHIO.o
                0x0000ed90                PIT0_IRQHandler()
 .text._ZN13AnalogEncoder4InitEv
                0x0000edb8       0x40 Libraries/FEHIO.o
                0x0000edb8                AnalogEncoder::Init()
 .text._ZN13AnalogEncoder14SetCounterInitEj
                0x0000edf8       0x20 Libraries/FEHIO.o
                0x0000edf8                AnalogEncoder::SetCounterInit(unsigned int)
 .text._ZN13AnalogEncoder10ProcessIntEv
                0x0000ee18       0x68 Libraries/FEHIO.o
                0x0000ee18                AnalogEncoder::ProcessInt()
 .text._ZN13AnalogEncoder14ProcessIntSelfEv
                0x0000ee80       0x6e Libraries/FEHIO.o
                0x0000ee80                AnalogEncoder::ProcessIntSelf()
 .text._Z7ADC_CalPV10ADC_MemMap
                0x0000eeee      0x13e Drivers/adc16.o
                0x0000eeee                ADC_Cal(ADC_MemMap volatile*)
 .text._Z14ADC_Config_AltPV10ADC_MemMapP7adc_cfg
                0x0000f02c       0x6c Drivers/adc16.o
                0x0000f02c                ADC_Config_Alt(ADC_MemMap volatile*, adc_cfg*)
 .text._ZN9FEHBuzzerC2Ev
                0x0000f098       0x14 Libraries/FEHBuzzer.o
                0x0000f098                FEHBuzzer::FEHBuzzer()
                0x0000f098                FEHBuzzer::FEHBuzzer()
 .text._Z41__static_initialization_and_destruction_0ii
                0x0000f0ac       0x2c Libraries/FEHBuzzer.o
 .text._GLOBAL__sub_I_Buzzer
                0x0000f0d8       0x10 Libraries/FEHBuzzer.o
 .text._ZN6FEHLCD11_InitializeEv
                0x0000f0e8      0x410 Libraries/FEHLCD.o
                0x0000f0e8                FEHLCD::_Initialize()
 .text._ZN6FEHLCDC2Ev
                0x0000f4f8       0x50 Libraries/FEHLCD.o
                0x0000f4f8                FEHLCD::FEHLCD()
                0x0000f4f8                FEHLCD::FEHLCD()
 .text._ZN6FEHLCD10InitializeEv
                0x0000f548       0x28 Libraries/FEHLCD.o
                0x0000f548                FEHLCD::Initialize()
 .text._ZN6FEHLCD10PrintImageEii
                0x0000f570       0xbc Libraries/FEHLCD.o
                0x0000f570                FEHLCD::PrintImage(int, int)
 .text._ZN6FEHLCD9PrintLogoEii
                0x0000f62c       0xbc Libraries/FEHLCD.o
                0x0000f62c                FEHLCD::PrintLogo(int, int)
 .text._ZN6FEHLCD14SetOrientationENS_17FEHLCDOrientationE
                0x0000f6e8       0xb4 Libraries/FEHLCD.o
                0x0000f6e8                FEHLCD::SetOrientation(FEHLCD::FEHLCDOrientation)
 .text._ZN6FEHLCD22ConvertFEHColorTo24BitENS_11FEHLCDColorE
                0x0000f79c       0x78 Libraries/FEHLCD.o
                0x0000f79c                FEHLCD::ConvertFEHColorTo24Bit(FEHLCD::FEHLCDColor)
 .text._ZN6FEHLCD24Convert24BitColorTo16BitEj
                0x0000f814       0x30 Libraries/FEHLCD.o
                0x0000f814                FEHLCD::Convert24BitColorTo16Bit(unsigned int)
 .text._ZN6FEHLCD22ConvertRGBColorTo16BitEhhh
                0x0000f844       0x44 Libraries/FEHLCD.o
                0x0000f844                FEHLCD::ConvertRGBColorTo16Bit(unsigned char, unsigned char, unsigned char)
 .text._ZN6FEHLCD5ClearENS_11FEHLCDColorE
                0x0000f888       0x28 Libraries/FEHLCD.o
                0x0000f888                FEHLCD::Clear(FEHLCD::FEHLCDColor)
 .text._ZN6FEHLCD5ClearEj
                0x0000f8b0       0x2c Libraries/FEHLCD.o
                0x0000f8b0                FEHLCD::Clear(unsigned int)
 .text._ZN6FEHLCD18SetBackgroundColorENS_11FEHLCDColorE
                0x0000f8dc       0x28 Libraries/FEHLCD.o
                0x0000f8dc                FEHLCD::SetBackgroundColor(FEHLCD::FEHLCDColor)
 .text._ZN6FEHLCD18SetBackgroundColorEj
                0x0000f904       0x26 Libraries/FEHLCD.o
                0x0000f904                FEHLCD::SetBackgroundColor(unsigned int)
 .text._ZN6FEHLCD12SetFontColorENS_11FEHLCDColorE
                0x0000f92a       0x28 Libraries/FEHLCD.o
                0x0000f92a                FEHLCD::SetFontColor(FEHLCD::FEHLCDColor)
 .text._ZN6FEHLCD12SetFontColorEj
                0x0000f952       0x26 Libraries/FEHLCD.o
                0x0000f952                FEHLCD::SetFontColor(unsigned int)
 .text._ZN6FEHLCD7WriteAtEPKcii
                0x0000f978       0x46 Libraries/FEHLCD.o
                0x0000f978                FEHLCD::WriteAt(char const*, int, int)
 .text._ZN6FEHLCD11TS_SPI_InitEv
                0x0000f9be       0x7c Libraries/FEHLCD.o
                0x0000f9be                FEHLCD::TS_SPI_Init()
 *fill*         0x0000fa3a        0x6 ff
 .text._ZN6FEHLCD5TouchEPfS0_
                0x0000fa40      0x1fc Libraries/FEHLCD.o
                0x0000fa40                FEHLCD::Touch(float*, float*)
 .text._ZN6FEHLCD3absEi
                0x0000fc3c       0x22 Libraries/FEHLCD.o
                0x0000fc3c                FEHLCD::abs(int)
 .text._ZN6FEHLCD5WriteEPKc
                0x0000fc5e       0x4e Libraries/FEHLCD.o
                0x0000fc5e                FEHLCD::Write(char const*)
 .text._ZN6FEHLCD5WriteEf
                0x0000fcac       0xc0 Libraries/FEHLCD.o
                0x0000fcac                FEHLCD::Write(float)
 .text._ZN6FEHLCD9WriteLineEf
                0x0000fd6c       0x26 Libraries/FEHLCD.o
                0x0000fd6c                FEHLCD::WriteLine(float)
 *fill*         0x0000fd92        0x2 ff
 .text._ZN6FEHLCD10WriteIndexEh
                0x0000fd94      0x14c Libraries/FEHLCD.o
                0x0000fd94                FEHLCD::WriteIndex(unsigned char)
 .text._ZN6FEHLCD14WriteParameterEh
                0x0000fee0      0x130 Libraries/FEHLCD.o
                0x0000fee0                FEHLCD::WriteParameter(unsigned char)
 .text._ZN6FEHLCD6_ClearEv
                0x00010010      0x15c Libraries/FEHLCD.o
                0x00010010                FEHLCD::_Clear()
 .text._ZN6FEHLCD8NextLineEv
                0x0001016c       0x2a Libraries/FEHLCD.o
                0x0001016c                FEHLCD::NextLine()
 .text._ZN6FEHLCD9CheckLineEv
                0x00010196       0x28 Libraries/FEHLCD.o
                0x00010196                FEHLCD::CheckLine()
 .text._ZN6FEHLCD8NextCharEv
                0x000101be       0x32 Libraries/FEHLCD.o
                0x000101be                FEHLCD::NextChar()
 .text._ZN6FEHLCD13SetDrawRegionEiiii
                0x000101f0       0xfe Libraries/FEHLCD.o
                0x000101f0                FEHLCD::SetDrawRegion(int, int, int, int)
 .text._ZN6FEHLCD9WriteCharEiic
                0x000102ee       0x34 Libraries/FEHLCD.o
                0x000102ee                FEHLCD::WriteChar(int, int, char)
 *fill*         0x00010322        0x2 ff
 .text._ZN6FEHLCD11WriteCharAtEiic
                0x00010324      0x214 Libraries/FEHLCD.o
                0x00010324                FEHLCD::WriteCharAt(int, int, char)
 .text._ZN6FEHLCD11RepeatColorEv
                0x00010538       0x70 Libraries/FEHLCD.o
                0x00010538                FEHLCD::RepeatColor()
 .text._ZN6FEHLCD10_ForePixelEv
                0x000105a8       0xc4 Libraries/FEHLCD.o
                0x000105a8                FEHLCD::_ForePixel()
 .text._ZN6FEHLCD10_BackPixelEv
                0x0001066c       0xc4 Libraries/FEHLCD.o
                0x0001066c                FEHLCD::_BackPixel()
 .text._ZN6FEHLCD22SetRegisterColorValuesEv
                0x00010730      0x336 Libraries/FEHLCD.o
                0x00010730                FEHLCD::SetRegisterColorValues()
 *fill*         0x00010a66        0x2 ff
 .text._Z41__static_initialization_and_destruction_0ii
                0x00010a68       0x2c Libraries/FEHLCD.o
 .text._GLOBAL__sub_I_image
                0x00010a94       0x10 Libraries/FEHLCD.o
 .text._ZN8FEHAccelC2Ev
                0x00010aa4       0x74 Libraries/FEHAccel.o
                0x00010aa4                FEHAccel::FEHAccel()
                0x00010aa4                FEHAccel::FEHAccel()
 .text._Z41__static_initialization_and_destruction_0ii
                0x00010b18       0x2c Libraries/FEHAccel.o
 .text._GLOBAL__sub_I_Accel
                0x00010b44       0x10 Libraries/FEHAccel.o
 .text._ZN10FEHBattery7VoltageEv
                0x00010b54       0x38 Libraries/FEHBattery.o
                0x00010b54                FEHBattery::Voltage()
 .text._ZN10FEHBatteryC2EN5FEHIO8FEHIOPinE
                0x00010b8c       0x22 Libraries/FEHBattery.o
                0x00010b8c                FEHBattery::FEHBattery(FEHIO::FEHIOPin)
                0x00010b8c                FEHBattery::FEHBattery(FEHIO::FEHIOPin)
 *fill*         0x00010bae        0x2 ff
 .text._Z41__static_initialization_and_destruction_0ii
                0x00010bb0       0x30 Libraries/FEHBattery.o
 .text._GLOBAL__sub_I_Battery
                0x00010be0       0x10 Libraries/FEHBattery.o
 .text._ZN7FEHXBeeC2Ev
                0x00010bf0       0x1a Drivers/FEHXBee.o
                0x00010bf0                FEHXBee::FEHXBee()
                0x00010bf0                FEHXBee::FEHXBee()
 *fill*         0x00010c0a        0x2 ff
 .text._ZN7FEHXBee17SetPacketCallBackEPFvPhhE
                0x00010c0c       0x20 Drivers/FEHXBee.o
                0x00010c0c                FEHXBee::SetPacketCallBack(void (*)(unsigned char*, unsigned char))
 .text._Z22UART0_RX_TX_IRQHandlerv
                0x00010c2c       0xec Drivers/FEHXBee.o
                0x00010c2c                UART0_RX_TX_IRQHandler()
 .text._ZN6FEHRPSC2Ev
                0x00010d18       0x74 Libraries/FEHRPS.o
                0x00010d18                FEHRPS::FEHRPS()
                0x00010d18                FEHRPS::FEHRPS()
 .text._Z14RPSDataProcessPhh
                0x00010d8c      0x12c Libraries/FEHRPS.o
                0x00010d8c                RPSDataProcess(unsigned char*, unsigned char)
 .text._Z41__static_initialization_and_destruction_0ii
                0x00010eb8       0x2c Libraries/FEHRPS.o
 .text._GLOBAL__sub_I_RPS
                0x00010ee4       0x10 Libraries/FEHRPS.o
 .text._ZN5FEHSDC2Ev
                0x00010ef4       0x24 Libraries/FEHSD.o
                0x00010ef4                FEHSD::FEHSD()
                0x00010ef4                FEHSD::FEHSD()
 .text._ZN5FEHSD9FCloseAllEv
                0x00010f18       0x6c Libraries/FEHSD.o
                0x00010f18                FEHSD::FCloseAll()
 .text._Z41__static_initialization_and_destruction_0ii
                0x00010f84       0x2c Libraries/FEHSD.o
 .text._GLOBAL__sub_I_SD
                0x00010fb0       0x10 Libraries/FEHSD.o
 .text._ZN9FEHRandom10InitializeEv
                0x00010fc0       0x40 Libraries/FEHRandom.o
                0x00010fc0                FEHRandom::Initialize()
 .text._ZdlPvj  0x00011000        0x4 c:/fehqt/proteus/gcc/bin/../lib/gcc/arm-none-eabi/9.2.1/../../../../arm-none-eabi/lib/thumb/v7e-m/nofp\libstdc++.a(del_ops.o)
                0x00011000                operator delete(void*, unsigned int)
 .text._Znwj    0x00011004       0x3c c:/fehqt/proteus/gcc/bin/../lib/gcc/arm-none-eabi/9.2.1/../../../../arm-none-eabi/lib/thumb/v7e-m/nofp\libstdc++.a(new_op.o)
                0x00011004                operator new(unsigned int)
 .text._ZNKSt9bad_alloc4whatEv
                0x00011040        0x8 c:/fehqt/proteus/gcc/bin/../lib/gcc/arm-none-eabi/9.2.1/../../../../arm-none-eabi/lib/thumb/v7e-m/nofp\libstdc++.a(bad_alloc.o)
                0x00011040                std::bad_alloc::what() const
 .text._ZNSt9bad_allocD2Ev
                0x00011048       0x14 c:/fehqt/proteus/gcc/bin/../lib/gcc/arm-none-eabi/9.2.1/../../../../arm-none-eabi/lib/thumb/v7e-m/nofp\libstdc++.a(bad_alloc.o)
                0x00011048                std::bad_alloc::~bad_alloc()
                0x00011048                std::bad_alloc::~bad_alloc()
 .text._ZNSt9bad_allocD0Ev
                0x0001105c       0x1c c:/fehqt/proteus/gcc/bin/../lib/gcc/arm-none-eabi/9.2.1/../../../../arm-none-eabi/lib/thumb/v7e-m/nofp\libstdc++.a(bad_alloc.o)
                0x0001105c                std::bad_alloc::~bad_alloc()
 .text._ZdlPv   0x00011078        0x4 c:/fehqt/proteus/gcc/bin/../lib/gcc/arm-none-eabi/9.2.1/../../../../arm-none-eabi/lib/thumb/v7e-m/nofp\libstdc++.a(del_op.o)
                0x00011078                operator delete(void*)
 .text._ZN12_GLOBAL__N_14pool4freeEPv.constprop.0
                0x0001107c       0x8c c:/fehqt/proteus/gcc/bin/../lib/gcc/arm-none-eabi/9.2.1/../../../../arm-none-eabi/lib/thumb/v7e-m/nofp\libstdc++.a(eh_alloc.o)
 .text._ZN12_GLOBAL__N_14pool8allocateEj.constprop.0
                0x00011108       0x50 c:/fehqt/proteus/gcc/bin/../lib/gcc/arm-none-eabi/9.2.1/../../../../arm-none-eabi/lib/thumb/v7e-m/nofp\libstdc++.a(eh_alloc.o)
 .text.__cxa_allocate_exception
                0x00011158       0x30 c:/fehqt/proteus/gcc/bin/../lib/gcc/arm-none-eabi/9.2.1/../../../../arm-none-eabi/lib/thumb/v7e-m/nofp\libstdc++.a(eh_alloc.o)
                0x00011158                __cxa_allocate_exception
 .text.__cxa_free_exception
                0x00011188       0x20 c:/fehqt/proteus/gcc/bin/../lib/gcc/arm-none-eabi/9.2.1/../../../../arm-none-eabi/lib/thumb/v7e-m/nofp\libstdc++.a(eh_alloc.o)
                0x00011188                __cxa_free_exception
 .text.startup._GLOBAL__sub_I__ZN9__gnu_cxx9__freeresEv
                0x000111a8       0x28 c:/fehqt/proteus/gcc/bin/../lib/gcc/arm-none-eabi/9.2.1/../../../../arm-none-eabi/lib/thumb/v7e-m/nofp\libstdc++.a(eh_alloc.o)
 .text._ZNSt9exceptionD2Ev
                0x000111d0        0x4 c:/fehqt/proteus/gcc/bin/../lib/gcc/arm-none-eabi/9.2.1/../../../../arm-none-eabi/lib/thumb/v7e-m/nofp\libstdc++.a(eh_exception.o)
                0x000111d0                std::exception::~exception()
                0x000111d0                std::exception::~exception()
 .text._ZNSt13bad_exceptionD2Ev
                0x000111d4        0x4 c:/fehqt/proteus/gcc/bin/../lib/gcc/arm-none-eabi/9.2.1/../../../../arm-none-eabi/lib/thumb/v7e-m/nofp\libstdc++.a(eh_exception.o)
                0x000111d4                std::bad_exception::~bad_exception()
                0x000111d4                std::bad_exception::~bad_exception()
 .text._ZNKSt13bad_exception4whatEv
                0x000111d8        0x8 c:/fehqt/proteus/gcc/bin/../lib/gcc/arm-none-eabi/9.2.1/../../../../arm-none-eabi/lib/thumb/v7e-m/nofp\libstdc++.a(eh_exception.o)
                0x000111d8                std::bad_exception::what() const
                0x000111d8                transaction clone for std::bad_exception::what() const
 .text._ZNSt13bad_exceptionD0Ev
                0x000111e0       0x10 c:/fehqt/proteus/gcc/bin/../lib/gcc/arm-none-eabi/9.2.1/../../../../arm-none-eabi/lib/thumb/v7e-m/nofp\libstdc++.a(eh_exception.o)
                0x000111e0                std::bad_exception::~bad_exception()
 .text._ZN10__cxxabiv111__terminateEPFvvE
                0x000111f0       0x28 c:/fehqt/proteus/gcc/bin/../lib/gcc/arm-none-eabi/9.2.1/../../../../arm-none-eabi/lib/thumb/v7e-m/nofp\libstdc++.a(eh_terminate.o)
                0x000111f0                __cxxabiv1::__terminate(void (*)())
 .text._ZSt9terminatev
                0x00011218       0x14 c:/fehqt/proteus/gcc/bin/../lib/gcc/arm-none-eabi/9.2.1/../../../../arm-none-eabi/lib/thumb/v7e-m/nofp\libstdc++.a(eh_terminate.o)
                0x00011218                std::terminate()
 .text._ZN10__cxxabiv112__unexpectedEPFvvE
                0x0001122c        0x8 c:/fehqt/proteus/gcc/bin/../lib/gcc/arm-none-eabi/9.2.1/../../../../arm-none-eabi/lib/thumb/v7e-m/nofp\libstdc++.a(eh_terminate.o)
                0x0001122c                __cxxabiv1::__unexpected(void (*)())
 .text._ZSt10unexpectedv
                0x00011234       0x14 c:/fehqt/proteus/gcc/bin/../lib/gcc/arm-none-eabi/9.2.1/../../../../arm-none-eabi/lib/thumb/v7e-m/nofp\libstdc++.a(eh_terminate.o)
                0x00011234                std::unexpected()
 .text._ZSt13get_terminatev
                0x00011248       0x10 c:/fehqt/proteus/gcc/bin/../lib/gcc/arm-none-eabi/9.2.1/../../../../arm-none-eabi/lib/thumb/v7e-m/nofp\libstdc++.a(eh_terminate.o)
                0x00011248                std::get_terminate()
 .text._ZSt14get_unexpectedv
                0x00011258       0x10 c:/fehqt/proteus/gcc/bin/../lib/gcc/arm-none-eabi/9.2.1/../../../../arm-none-eabi/lib/thumb/v7e-m/nofp\libstdc++.a(eh_terminate.o)
                0x00011258                std::get_unexpected()
 .text._ZL23__gxx_exception_cleanup19_Unwind_Reason_CodeP21_Unwind_Control_Block
                0x00011268       0x44 c:/fehqt/proteus/gcc/bin/../lib/gcc/arm-none-eabi/9.2.1/../../../../arm-none-eabi/lib/thumb/v7e-m/nofp\libstdc++.a(eh_throw.o)
 .text.__cxa_init_primary_exception
                0x000112ac       0x58 c:/fehqt/proteus/gcc/bin/../lib/gcc/arm-none-eabi/9.2.1/../../../../arm-none-eabi/lib/thumb/v7e-m/nofp\libstdc++.a(eh_throw.o)
                0x000112ac                __cxa_init_primary_exception
 .text.__cxa_throw
                0x00011304       0x38 c:/fehqt/proteus/gcc/bin/../lib/gcc/arm-none-eabi/9.2.1/../../../../arm-none-eabi/lib/thumb/v7e-m/nofp\libstdc++.a(eh_throw.o)
                0x00011304                __cxa_throw
 .text.__cxa_rethrow
                0x0001133c       0x70 c:/fehqt/proteus/gcc/bin/../lib/gcc/arm-none-eabi/9.2.1/../../../../arm-none-eabi/lib/thumb/v7e-m/nofp\libstdc++.a(eh_throw.o)
                0x0001133c                __cxa_rethrow
 .text._ZSt15get_new_handlerv
                0x000113ac       0x10 c:/fehqt/proteus/gcc/bin/../lib/gcc/arm-none-eabi/9.2.1/../../../../arm-none-eabi/lib/thumb/v7e-m/nofp\libstdc++.a(new_handler.o)
                0x000113ac                std::get_new_handler()
 .text._ZN10__cxxabiv120__si_class_type_infoD2Ev
                0x000113bc       0x14 c:/fehqt/proteus/gcc/bin/../lib/gcc/arm-none-eabi/9.2.1/../../../../arm-none-eabi/lib/thumb/v7e-m/nofp\libstdc++.a(si_class_type_info.o)
                0x000113bc                __cxxabiv1::__si_class_type_info::~__si_class_type_info()
                0x000113bc                __cxxabiv1::__si_class_type_info::~__si_class_type_info()
 .text._ZN10__cxxabiv120__si_class_type_infoD0Ev
                0x000113d0       0x1c c:/fehqt/proteus/gcc/bin/../lib/gcc/arm-none-eabi/9.2.1/../../../../arm-none-eabi/lib/thumb/v7e-m/nofp\libstdc++.a(si_class_type_info.o)
                0x000113d0                __cxxabiv1::__si_class_type_info::~__si_class_type_info()
 .text._ZNK10__cxxabiv120__si_class_type_info20__do_find_public_srcEiPKvPKNS_17__class_type_infoES2_
                0x000113ec       0x3c c:/fehqt/proteus/gcc/bin/../lib/gcc/arm-none-eabi/9.2.1/../../../../arm-none-eabi/lib/thumb/v7e-m/nofp\libstdc++.a(si_class_type_info.o)
                0x000113ec                __cxxabiv1::__si_class_type_info::__do_find_public_src(int, void const*, __cxxabiv1::__class_type_info const*, void const*) const
 .text._ZNK10__cxxabiv120__si_class_type_info12__do_dyncastEiNS_17__class_type_info10__sub_kindEPKS1_PKvS4_S6_RNS1_16__dyncast_resultE
                0x00011428       0x84 c:/fehqt/proteus/gcc/bin/../lib/gcc/arm-none-eabi/9.2.1/../../../../arm-none-eabi/lib/thumb/v7e-m/nofp\libstdc++.a(si_class_type_info.o)
                0x00011428                __cxxabiv1::__si_class_type_info::__do_dyncast(int, __cxxabiv1::__class_type_info::__sub_kind, __cxxabiv1::__class_type_info const*, void const*, __cxxabiv1::__class_type_info const*, void const*, __cxxabiv1::__class_type_info::__dyncast_result&) const
 .text._ZNK10__cxxabiv120__si_class_type_info11__do_upcastEPKNS_17__class_type_infoEPKvRNS1_15__upcast_resultE
                0x000114ac       0x2c c:/fehqt/proteus/gcc/bin/../lib/gcc/arm-none-eabi/9.2.1/../../../../arm-none-eabi/lib/thumb/v7e-m/nofp\libstdc++.a(si_class_type_info.o)
                0x000114ac                __cxxabiv1::__si_class_type_info::__do_upcast(__cxxabiv1::__class_type_info const*, void const*, __cxxabiv1::__class_type_info::__upcast_result&) const
 .text._ZNSt9type_infoD2Ev
                0x000114d8        0x4 c:/fehqt/proteus/gcc/bin/../lib/gcc/arm-none-eabi/9.2.1/../../../../arm-none-eabi/lib/thumb/v7e-m/nofp\libstdc++.a(tinfo.o)
                0x000114d8                std::type_info::~type_info()
                0x000114d8                std::type_info::~type_info()
 .text._ZNKSt9type_info14__is_pointer_pEv
                0x000114dc        0x4 c:/fehqt/proteus/gcc/bin/../lib/gcc/arm-none-eabi/9.2.1/../../../../arm-none-eabi/lib/thumb/v7e-m/nofp\libstdc++.a(tinfo.o)
                0x000114dc                std::type_info::__is_pointer_p() const
                0x000114dc                std::type_info::__is_function_p() const
 .text._ZNKSt9type_infoeqERKS_
                0x000114e0       0x2c c:/fehqt/proteus/gcc/bin/../lib/gcc/arm-none-eabi/9.2.1/../../../../arm-none-eabi/lib/thumb/v7e-m/nofp\libstdc++.a(tinfo.o)
                0x000114e0                std::type_info::operator==(std::type_info const&) const
 .text._ZN9__gnu_cxx27__verbose_terminate_handlerEv
                0x0001150c      0x10c c:/fehqt/proteus/gcc/bin/../lib/gcc/arm-none-eabi/9.2.1/../../../../arm-none-eabi/lib/thumb/v7e-m/nofp\libstdc++.a(vterminate.o)
                0x0001150c                __gnu_cxx::__verbose_terminate_handler()
 .text._ZNK10__cxxabiv117__class_type_info11__do_upcastEPKS0_PPv
                0x00011618       0x38 c:/fehqt/proteus/gcc/bin/../lib/gcc/arm-none-eabi/9.2.1/../../../../arm-none-eabi/lib/thumb/v7e-m/nofp\libstdc++.a(class_type_info.o)
                0x00011618                __cxxabiv1::__class_type_info::__do_upcast(__cxxabiv1::__class_type_info const*, void**) const
 .text._ZNK10__cxxabiv117__class_type_info20__do_find_public_srcEiPKvPKS0_S2_
                0x00011650        0xc c:/fehqt/proteus/gcc/bin/../lib/gcc/arm-none-eabi/9.2.1/../../../../arm-none-eabi/lib/thumb/v7e-m/nofp\libstdc++.a(class_type_info.o)
                0x00011650                __cxxabiv1::__class_type_info::__do_find_public_src(int, void const*, __cxxabiv1::__class_type_info const*, void const*) const
 .text._ZN10__cxxabiv117__class_type_infoD2Ev
                0x0001165c       0x14 c:/fehqt/proteus/gcc/bin/../lib/gcc/arm-none-eabi/9.2.1/../../../../arm-none-eabi/lib/thumb/v7e-m/nofp\libstdc++.a(class_type_info.o)
                0x0001165c                __cxxabiv1::__class_type_info::~__class_type_info()
                0x0001165c                __cxxabiv1::__class_type_info::~__class_type_info()
 .text._ZN10__cxxabiv117__class_type_infoD0Ev
                0x00011670       0x1c c:/fehqt/proteus/gcc/bin/../lib/gcc/arm-none-eabi/9.2.1/../../../../arm-none-eabi/lib/thumb/v7e-m/nofp\libstdc++.a(class_type_info.o)
                0x00011670                __cxxabiv1::__class_type_info::~__class_type_info()
 .text._ZNK10__cxxabiv117__class_type_info12__do_dyncastEiNS0_10__sub_kindEPKS0_PKvS3_S5_RNS0_16__dyncast_resultE
                0x0001168c       0x44 c:/fehqt/proteus/gcc/bin/../lib/gcc/arm-none-eabi/9.2.1/../../../../arm-none-eabi/lib/thumb/v7e-m/nofp\libstdc++.a(class_type_info.o)
                0x0001168c                __cxxabiv1::__class_type_info::__do_dyncast(int, __cxxabiv1::__class_type_info::__sub_kind, __cxxabiv1::__class_type_info const*, void const*, __cxxabiv1::__class_type_info const*, void const*, __cxxabiv1::__class_type_info::__dyncast_result&) const
 .text._ZNK10__cxxabiv117__class_type_info11__do_upcastEPKS0_PKvRNS0_15__upcast_resultE
                0x000116d0       0x1c c:/fehqt/proteus/gcc/bin/../lib/gcc/arm-none-eabi/9.2.1/../../../../arm-none-eabi/lib/thumb/v7e-m/nofp\libstdc++.a(class_type_info.o)
                0x000116d0                __cxxabiv1::__class_type_info::__do_upcast(__cxxabiv1::__class_type_info const*, void const*, __cxxabiv1::__class_type_info::__upcast_result&) const
 .text._ZNK10__cxxabiv117__class_type_info10__do_catchEPKSt9type_infoPPvj
                0x000116ec       0x2c c:/fehqt/proteus/gcc/bin/../lib/gcc/arm-none-eabi/9.2.1/../../../../arm-none-eabi/lib/thumb/v7e-m/nofp\libstdc++.a(class_type_info.o)
                0x000116ec                __cxxabiv1::__class_type_info::__do_catch(std::type_info const*, void**, unsigned int) const
 .text          0x00011718     0x6d2c c:/fehqt/proteus/gcc/bin/../lib/gcc/arm-none-eabi/9.2.1/../../../../arm-none-eabi/lib/thumb/v7e-m/nofp\libstdc++.a(cp-demangle.o)
                0x0001835c                __cxa_demangle
                0x00018420                __gcclibcxx_demangle_callback
 .text.__cxa_end_cleanup
                0x00018444        0xc c:/fehqt/proteus/gcc/bin/../lib/gcc/arm-none-eabi/9.2.1/../../../../arm-none-eabi/lib/thumb/v7e-m/nofp\libstdc++.a(eh_arm.o)
                0x00018444                __cxa_end_cleanup
 .text.__cxa_type_match
                0x00018450       0xc0 c:/fehqt/proteus/gcc/bin/../lib/gcc/arm-none-eabi/9.2.1/../../../../arm-none-eabi/lib/thumb/v7e-m/nofp\libstdc++.a(eh_arm.o)
                0x00018450                __cxa_type_match
 .text.__cxa_begin_cleanup
                0x00018510       0x64 c:/fehqt/proteus/gcc/bin/../lib/gcc/arm-none-eabi/9.2.1/../../../../arm-none-eabi/lib/thumb/v7e-m/nofp\libstdc++.a(eh_arm.o)
                0x00018510                __cxa_begin_cleanup
 .text.__gnu_end_cleanup
                0x00018574       0x70 c:/fehqt/proteus/gcc/bin/../lib/gcc/arm-none-eabi/9.2.1/../../../../arm-none-eabi/lib/thumb/v7e-m/nofp\libstdc++.a(eh_arm.o)
                0x00018574                __gnu_end_cleanup
 .text._ZN10__cxxabiv1L24__is_gxx_exception_classEPc
                0x000185e4       0x3c c:/fehqt/proteus/gcc/bin/../lib/gcc/arm-none-eabi/9.2.1/../../../../arm-none-eabi/lib/thumb/v7e-m/nofp\libstdc++.a(eh_call.o)
 .text.__cxa_call_terminate
                0x00018620       0x20 c:/fehqt/proteus/gcc/bin/../lib/gcc/arm-none-eabi/9.2.1/../../../../arm-none-eabi/lib/thumb/v7e-m/nofp\libstdc++.a(eh_call.o)
                0x00018620                __cxa_call_terminate
 .text.unlikely.__cxa_call_unexpected
                0x00018640       0xe0 c:/fehqt/proteus/gcc/bin/../lib/gcc/arm-none-eabi/9.2.1/../../../../arm-none-eabi/lib/thumb/v7e-m/nofp\libstdc++.a(eh_call.o)
                0x00018640                __cxa_call_unexpected
 .text.__cxa_begin_catch
                0x00018720       0x7c c:/fehqt/proteus/gcc/bin/../lib/gcc/arm-none-eabi/9.2.1/../../../../arm-none-eabi/lib/thumb/v7e-m/nofp\libstdc++.a(eh_catch.o)
                0x00018720                __cxa_begin_catch
 .text.__cxa_end_catch
                0x0001879c       0x88 c:/fehqt/proteus/gcc/bin/../lib/gcc/arm-none-eabi/9.2.1/../../../../arm-none-eabi/lib/thumb/v7e-m/nofp\libstdc++.a(eh_catch.o)
                0x0001879c                __cxa_end_catch
 .text.__cxa_get_globals_fast
                0x00018824        0x8 c:/fehqt/proteus/gcc/bin/../lib/gcc/arm-none-eabi/9.2.1/../../../../arm-none-eabi/lib/thumb/v7e-m/nofp\libstdc++.a(eh_globals.o)
                0x00018824                __cxa_get_globals_fast
 .text.__cxa_get_globals
                0x0001882c        0x8 c:/fehqt/proteus/gcc/bin/../lib/gcc/arm-none-eabi/9.2.1/../../../../arm-none-eabi/lib/thumb/v7e-m/nofp\libstdc++.a(eh_globals.o)
                0x0001882c                __cxa_get_globals
 .text._ZL28read_encoded_value_with_basehjPKhPj
                0x00018834       0xc8 c:/fehqt/proteus/gcc/bin/../lib/gcc/arm-none-eabi/9.2.1/../../../../arm-none-eabi/lib/thumb/v7e-m/nofp\libstdc++.a(eh_personality.o)
 .text._ZL21base_of_encoded_valuehP15_Unwind_Context
                0x000188fc       0x48 c:/fehqt/proteus/gcc/bin/../lib/gcc/arm-none-eabi/9.2.1/../../../../arm-none-eabi/lib/thumb/v7e-m/nofp\libstdc++.a(eh_personality.o)
 .text._ZL17parse_lsda_headerP15_Unwind_ContextPKhP16lsda_header_info
                0x00018944       0x94 c:/fehqt/proteus/gcc/bin/../lib/gcc/arm-none-eabi/9.2.1/../../../../arm-none-eabi/lib/thumb/v7e-m/nofp\libstdc++.a(eh_personality.o)
 .text.__gxx_personality_v0
                0x000189d8      0x4a0 c:/fehqt/proteus/gcc/bin/../lib/gcc/arm-none-eabi/9.2.1/../../../../arm-none-eabi/lib/thumb/v7e-m/nofp\libstdc++.a(eh_personality.o)
                0x000189d8                __gxx_personality_v0
 .text.__cxa_current_exception_type
                0x00018e78       0x1c c:/fehqt/proteus/gcc/bin/../lib/gcc/arm-none-eabi/9.2.1/../../../../arm-none-eabi/lib/thumb/v7e-m/nofp\libstdc++.a(eh_type.o)
                0x00018e78                __cxa_current_exception_type
 .text          0x00018e94      0x378 c:/fehqt/proteus/gcc/bin/../lib/gcc/arm-none-eabi/9.2.1/thumb/v7e-m/nofp\libgcc.a(_arm_addsubdf3.o)
                0x00018e94                __aeabi_drsub
                0x00018e9c                __aeabi_dsub
                0x00018e9c                __subdf3
                0x00018ea0                __aeabi_dadd
                0x00018ea0                __adddf3
                0x00019118                __floatunsidf
                0x00019118                __aeabi_ui2d
                0x00019138                __floatsidf
                0x00019138                __aeabi_i2d
                0x0001915c                __aeabi_f2d
                0x0001915c                __extendsfdf2
                0x000191a0                __floatundidf
                0x000191a0                __aeabi_ul2d
                0x000191b0                __floatdidf
                0x000191b0                __aeabi_l2d
 .text          0x0001920c      0x424 c:/fehqt/proteus/gcc/bin/../lib/gcc/arm-none-eabi/9.2.1/thumb/v7e-m/nofp\libgcc.a(_arm_muldivdf3.o)
                0x0001920c                __aeabi_dmul
                0x0001920c                __muldf3
                0x00019460                __divdf3
                0x00019460                __aeabi_ddiv
 .text          0x00019630      0x110 c:/fehqt/proteus/gcc/bin/../lib/gcc/arm-none-eabi/9.2.1/thumb/v7e-m/nofp\libgcc.a(_arm_cmpdf2.o)
                0x00019630                __gtdf2
                0x00019630                __gedf2
                0x00019638                __ltdf2
                0x00019638                __ledf2
                0x00019640                __nedf2
                0x00019640                __eqdf2
                0x00019640                __cmpdf2
                0x000196bc                __aeabi_cdrcmple
                0x000196cc                __aeabi_cdcmpeq
                0x000196cc                __aeabi_cdcmple
                0x000196dc                __aeabi_dcmpeq
                0x000196f0                __aeabi_dcmplt
                0x00019704                __aeabi_dcmple
                0x00019718                __aeabi_dcmpge
                0x0001972c                __aeabi_dcmpgt
 .text          0x00019740       0x50 c:/fehqt/proteus/gcc/bin/../lib/gcc/arm-none-eabi/9.2.1/thumb/v7e-m/nofp\libgcc.a(_arm_fixdfsi.o)
                0x00019740                __aeabi_d2iz
                0x00019740                __fixdfsi
 .text          0x00019790       0x40 c:/fehqt/proteus/gcc/bin/../lib/gcc/arm-none-eabi/9.2.1/thumb/v7e-m/nofp\libgcc.a(_arm_fixunsdfsi.o)
                0x00019790                __aeabi_d2uiz
                0x00019790                __fixunsdfsi
 .text          0x000197d0       0xa0 c:/fehqt/proteus/gcc/bin/../lib/gcc/arm-none-eabi/9.2.1/thumb/v7e-m/nofp\libgcc.a(_arm_truncdfsf2.o)
                0x000197d0                __truncdfsf2
                0x000197d0                __aeabi_d2f
 .text          0x00019870      0x21c c:/fehqt/proteus/gcc/bin/../lib/gcc/arm-none-eabi/9.2.1/thumb/v7e-m/nofp\libgcc.a(_arm_addsubsf3.o)
                0x00019870                __aeabi_frsub
                0x00019878                __subsf3
                0x00019878                __aeabi_fsub
                0x0001987c                __aeabi_fadd
                0x0001987c                __addsf3
                0x000199dc                __aeabi_ui2f
                0x000199dc                __floatunsisf
                0x000199e4                __aeabi_i2f
                0x000199e4                __floatsisf
                0x00019a00                __aeabi_ul2f
                0x00019a00                __floatundisf
                0x00019a10                __aeabi_l2f
                0x00019a10                __floatdisf
 .text          0x00019a8c      0x2a0 c:/fehqt/proteus/gcc/bin/../lib/gcc/arm-none-eabi/9.2.1/thumb/v7e-m/nofp\libgcc.a(_arm_muldivsf3.o)
                0x00019a8c                __mulsf3
                0x00019a8c                __aeabi_fmul
                0x00019bf4                __aeabi_fdiv
                0x00019bf4                __divsf3
 .text          0x00019d2c       0xec c:/fehqt/proteus/gcc/bin/../lib/gcc/arm-none-eabi/9.2.1/thumb/v7e-m/nofp\libgcc.a(_arm_cmpsf2.o)
                0x00019d2c                __gesf2
                0x00019d2c                __gtsf2
                0x00019d34                __lesf2
                0x00019d34                __ltsf2
                0x00019d3c                __nesf2
                0x00019d3c                __eqsf2
                0x00019d3c                __cmpsf2
                0x00019d9c                __aeabi_cfrcmple
                0x00019da4                __aeabi_cfcmpeq
                0x00019da4                __aeabi_cfcmple
                0x00019db4                __aeabi_fcmpeq
                0x00019dc8                __aeabi_fcmplt
                0x00019ddc                __aeabi_fcmple
                0x00019df0                __aeabi_fcmpge
                0x00019e04                __aeabi_fcmpgt
 .text          0x00019e18       0x4c c:/fehqt/proteus/gcc/bin/../lib/gcc/arm-none-eabi/9.2.1/thumb/v7e-m/nofp\libgcc.a(_arm_fixsfsi.o)
                0x00019e18                __aeabi_f2iz
                0x00019e18                __fixsfsi
 .text          0x00019e64      0x9b8 c:/fehqt/proteus/gcc/bin/../lib/gcc/arm-none-eabi/9.2.1/thumb/v7e-m/nofp\libgcc.a(unwind-arm.o)
                0x0001a10c                _Unwind_GetCFA
                0x0001a110                __gnu_Unwind_RaiseException
                0x0001a170                __gnu_Unwind_ForcedUnwind
                0x0001a184                __gnu_Unwind_Resume
                0x0001a1c8                __gnu_Unwind_Resume_or_Rethrow
                0x0001a1d8                _Unwind_Complete
                0x0001a1dc                _Unwind_DeleteException
                0x0001a1e8                _Unwind_VRS_Get
                0x0001a230                _Unwind_VRS_Set
                0x0001a278                __gnu_Unwind_Backtrace
                0x0001a598                __aeabi_unwind_cpp_pr0
                0x0001a59c                __aeabi_unwind_cpp_pr1
                0x0001a5a0                __aeabi_unwind_cpp_pr2
                0x0001a5a4                _Unwind_VRS_Pop
 .text          0x0001a81c      0x1ac c:/fehqt/proteus/gcc/bin/../lib/gcc/arm-none-eabi/9.2.1/thumb/v7e-m/nofp\libgcc.a(libunwind.o)
                0x0001a81c                __restore_core_regs
                0x0001a81c                restore_core_regs
                0x0001a834                __gnu_Unwind_Restore_VFP
                0x0001a83c                __gnu_Unwind_Save_VFP
                0x0001a844                __gnu_Unwind_Restore_VFP_D
                0x0001a84c                __gnu_Unwind_Save_VFP_D
                0x0001a854                __gnu_Unwind_Restore_VFP_D_16_to_31
                0x0001a85c                __gnu_Unwind_Save_VFP_D_16_to_31
                0x0001a864                __gnu_Unwind_Restore_WMMXD
                0x0001a8a8                __gnu_Unwind_Save_WMMXD
                0x0001a8ec                __gnu_Unwind_Restore_WMMXC
                0x0001a900                __gnu_Unwind_Save_WMMXC
                0x0001a914                ___Unwind_RaiseException
                0x0001a914                _Unwind_RaiseException
                0x0001a938                _Unwind_Resume
                0x0001a938                ___Unwind_Resume
                0x0001a95c                _Unwind_Resume_or_Rethrow
                0x0001a95c                ___Unwind_Resume_or_Rethrow
                0x0001a980                _Unwind_ForcedUnwind
                0x0001a980                ___Unwind_ForcedUnwind
                0x0001a9a4                ___Unwind_Backtrace
                0x0001a9a4                _Unwind_Backtrace
 .text          0x0001a9c8      0x340 c:/fehqt/proteus/gcc/bin/../lib/gcc/arm-none-eabi/9.2.1/thumb/v7e-m/nofp\libgcc.a(pr-support.o)
                0x0001aa20                __gnu_unwind_execute
                0x0001acbc                __gnu_unwind_frame
                0x0001ace8                _Unwind_GetRegionStart
                0x0001acf4                _Unwind_GetLanguageSpecificData
 .text.unlikely
                0x0001ad08        0xc c:/fehqt/proteus/gcc/bin/../lib/gcc/arm-none-eabi/9.2.1/thumb/v7e-m/nofp\libgcc.a(pr-support.o)
                0x0001ad08                _Unwind_GetDataRelBase
                0x0001ad0e                _Unwind_GetTextRelBase
 .text.abort    0x0001ad14       0x10 c:/fehqt/proteus/gcc/bin/../lib/gcc/arm-none-eabi/9.2.1/../../../../arm-none-eabi/lib/thumb/v7e-m/nofp\libg.a(lib_a-abort.o)
                0x0001ad14                abort
 .text.fputc    0x0001ad24       0x58 c:/fehqt/proteus/gcc/bin/../lib/gcc/arm-none-eabi/9.2.1/../../../../arm-none-eabi/lib/thumb/v7e-m/nofp\libg.a(lib_a-fputc.o)
                0x0001ad24                fputc
 .text._fputs_r
                0x0001ad7c       0x88 c:/fehqt/proteus/gcc/bin/../lib/gcc/arm-none-eabi/9.2.1/../../../../arm-none-eabi/lib/thumb/v7e-m/nofp\libg.a(lib_a-fputs.o)
                0x0001ad7c                _fputs_r
 .text.fputs    0x0001ae04       0x10 c:/fehqt/proteus/gcc/bin/../lib/gcc/arm-none-eabi/9.2.1/../../../../arm-none-eabi/lib/thumb/v7e-m/nofp\libg.a(lib_a-fputs.o)
                0x0001ae04                fputs
 .text.__sfvwrite_r
                0x0001ae14      0x2e0 c:/fehqt/proteus/gcc/bin/../lib/gcc/arm-none-eabi/9.2.1/../../../../arm-none-eabi/lib/thumb/v7e-m/nofp\libg.a(lib_a-fvwrite.o)
                0x0001ae14                __sfvwrite_r
 .text._fwrite_r
                0x0001b0f4       0xa8 c:/fehqt/proteus/gcc/bin/../lib/gcc/arm-none-eabi/9.2.1/../../../../arm-none-eabi/lib/thumb/v7e-m/nofp\libg.a(lib_a-fwrite.o)
                0x0001b0f4                _fwrite_r
 .text.fwrite   0x0001b19c       0x20 c:/fehqt/proteus/gcc/bin/../lib/gcc/arm-none-eabi/9.2.1/../../../../arm-none-eabi/lib/thumb/v7e-m/nofp\libg.a(lib_a-fwrite.o)
                0x0001b19c                fwrite
 .text.__libc_init_array
                0x0001b1bc       0x48 c:/fehqt/proteus/gcc/bin/../lib/gcc/arm-none-eabi/9.2.1/../../../../arm-none-eabi/lib/thumb/v7e-m/nofp\libg.a(lib_a-init.o)
                0x0001b1bc                __libc_init_array
 .text.__retarget_lock_init_recursive
                0x0001b204        0x4 c:/fehqt/proteus/gcc/bin/../lib/gcc/arm-none-eabi/9.2.1/../../../../arm-none-eabi/lib/thumb/v7e-m/nofp\libg.a(lib_a-lock.o)
                0x0001b204                __retarget_lock_init_recursive
 .text.__retarget_lock_close_recursive
                0x0001b208        0x4 c:/fehqt/proteus/gcc/bin/../lib/gcc/arm-none-eabi/9.2.1/../../../../arm-none-eabi/lib/thumb/v7e-m/nofp\libg.a(lib_a-lock.o)
                0x0001b208                __retarget_lock_close_recursive
 .text.__retarget_lock_acquire_recursive
                0x0001b20c        0x4 c:/fehqt/proteus/gcc/bin/../lib/gcc/arm-none-eabi/9.2.1/../../../../arm-none-eabi/lib/thumb/v7e-m/nofp\libg.a(lib_a-lock.o)
                0x0001b20c                __retarget_lock_acquire_recursive
 .text.__retarget_lock_release_recursive
                0x0001b210        0x4 c:/fehqt/proteus/gcc/bin/../lib/gcc/arm-none-eabi/9.2.1/../../../../arm-none-eabi/lib/thumb/v7e-m/nofp\libg.a(lib_a-lock.o)
                0x0001b210                __retarget_lock_release_recursive
 .text.malloc   0x0001b214       0x10 c:/fehqt/proteus/gcc/bin/../lib/gcc/arm-none-eabi/9.2.1/../../../../arm-none-eabi/lib/thumb/v7e-m/nofp\libg.a(lib_a-malloc.o)
                0x0001b214                malloc
 .text.free     0x0001b224       0x10 c:/fehqt/proteus/gcc/bin/../lib/gcc/arm-none-eabi/9.2.1/../../../../arm-none-eabi/lib/thumb/v7e-m/nofp\libg.a(lib_a-malloc.o)
                0x0001b224                free
 .text._malloc_r
                0x0001b234      0x574 c:/fehqt/proteus/gcc/bin/../lib/gcc/arm-none-eabi/9.2.1/../../../../arm-none-eabi/lib/thumb/v7e-m/nofp\libg.a(lib_a-mallocr.o)
                0x0001b234                _malloc_r
 *fill*         0x0001b7a8        0x8 ff
 .text          0x0001b7b0       0xa0 c:/fehqt/proteus/gcc/bin/../lib/gcc/arm-none-eabi/9.2.1/../../../../arm-none-eabi/lib/thumb/v7e-m/nofp\libg.a(lib_a-memchr.o)
                0x0001b7b0                memchr
 .text.memcmp   0x0001b850       0x60 c:/fehqt/proteus/gcc/bin/../lib/gcc/arm-none-eabi/9.2.1/../../../../arm-none-eabi/lib/thumb/v7e-m/nofp\libg.a(lib_a-memcmp.o)
                0x0001b850                memcmp
 .text          0x0001b8b0      0x134 c:/fehqt/proteus/gcc/bin/../lib/gcc/arm-none-eabi/9.2.1/../../../../arm-none-eabi/lib/thumb/v7e-m/nofp\libg.a(lib_a-memcpy.o)
                0x0001b8b0                memcpy
 .text.memmove  0x0001b9e4       0xd8 c:/fehqt/proteus/gcc/bin/../lib/gcc/arm-none-eabi/9.2.1/../../../../arm-none-eabi/lib/thumb/v7e-m/nofp\libg.a(lib_a-memmove.o)
                0x0001b9e4                memmove
 .text.memset   0x0001babc       0xa0 c:/fehqt/proteus/gcc/bin/../lib/gcc/arm-none-eabi/9.2.1/../../../../arm-none-eabi/lib/thumb/v7e-m/nofp\libg.a(lib_a-memset.o)
                0x0001babc                memset
 .text.__malloc_lock
                0x0001bb5c        0xc c:/fehqt/proteus/gcc/bin/../lib/gcc/arm-none-eabi/9.2.1/../../../../arm-none-eabi/lib/thumb/v7e-m/nofp\libg.a(lib_a-mlock.o)
                0x0001bb5c                __malloc_lock
 .text.__malloc_unlock
                0x0001bb68        0xc c:/fehqt/proteus/gcc/bin/../lib/gcc/arm-none-eabi/9.2.1/../../../../arm-none-eabi/lib/thumb/v7e-m/nofp\libg.a(lib_a-mlock.o)
                0x0001bb68                __malloc_unlock
 .text._putc_r  0x0001bb74       0x74 c:/fehqt/proteus/gcc/bin/../lib/gcc/arm-none-eabi/9.2.1/../../../../arm-none-eabi/lib/thumb/v7e-m/nofp\libg.a(lib_a-putc.o)
                0x0001bb74                _putc_r
 .text.realloc  0x0001bbe8       0x10 c:/fehqt/proteus/gcc/bin/../lib/gcc/arm-none-eabi/9.2.1/../../../../arm-none-eabi/lib/thumb/v7e-m/nofp\libg.a(lib_a-realloc.o)
                0x0001bbe8                realloc
 .text._realloc_r
                0x0001bbf8      0x3e0 c:/fehqt/proteus/gcc/bin/../lib/gcc/arm-none-eabi/9.2.1/../../../../arm-none-eabi/lib/thumb/v7e-m/nofp\libg.a(lib_a-reallocr.o)
                0x0001bbf8                _realloc_r
 .text._sbrk_r  0x0001bfd8       0x24 c:/fehqt/proteus/gcc/bin/../lib/gcc/arm-none-eabi/9.2.1/../../../../arm-none-eabi/lib/thumb/v7e-m/nofp\libg.a(lib_a-sbrkr.o)
                0x0001bfd8                _sbrk_r
 .text._raise_r
                0x0001bffc       0x58 c:/fehqt/proteus/gcc/bin/../lib/gcc/arm-none-eabi/9.2.1/../../../../arm-none-eabi/lib/thumb/v7e-m/nofp\libg.a(lib_a-signal.o)
                0x0001bffc                _raise_r
 .text.raise    0x0001c054       0x10 c:/fehqt/proteus/gcc/bin/../lib/gcc/arm-none-eabi/9.2.1/../../../../arm-none-eabi/lib/thumb/v7e-m/nofp\libg.a(lib_a-signal.o)
                0x0001c054                raise
 .text._kill_r  0x0001c064       0x2c c:/fehqt/proteus/gcc/bin/../lib/gcc/arm-none-eabi/9.2.1/../../../../arm-none-eabi/lib/thumb/v7e-m/nofp\libg.a(lib_a-signalr.o)
                0x0001c064                _kill_r
 .text._getpid_r
                0x0001c090        0x4 c:/fehqt/proteus/gcc/bin/../lib/gcc/arm-none-eabi/9.2.1/../../../../arm-none-eabi/lib/thumb/v7e-m/nofp\libg.a(lib_a-signalr.o)
                0x0001c090                _getpid_r
 .text.sprintf  0x0001c094       0x44 c:/fehqt/proteus/gcc/bin/../lib/gcc/arm-none-eabi/9.2.1/../../../../arm-none-eabi/lib/thumb/v7e-m/nofp\libg.a(lib_a-sprintf.o)
                0x0001c094                sprintf
 *fill*         0x0001c0d8        0x8 ff
 .text          0x0001c0e0      0x2dc c:/fehqt/proteus/gcc/bin/../lib/gcc/arm-none-eabi/9.2.1/../../../../arm-none-eabi/lib/thumb/v7e-m/nofp\libg.a(lib_a-strcmp.o)
                0x0001c0e8                strcmp
 *fill*         0x0001c3bc        0x4 ff
 .text          0x0001c3c0       0xdc c:/fehqt/proteus/gcc/bin/../lib/gcc/arm-none-eabi/9.2.1/../../../../arm-none-eabi/lib/thumb/v7e-m/nofp\libg.a(lib_a-strlen.o)
                0x0001c3c0                strlen
 .text.strncmp  0x0001c49c       0x7c c:/fehqt/proteus/gcc/bin/../lib/gcc/arm-none-eabi/9.2.1/../../../../arm-none-eabi/lib/thumb/v7e-m/nofp\libg.a(lib_a-strncmp.o)
                0x0001c49c                strncmp
 .text._svfprintf_r
                0x0001c518     0x1acc c:/fehqt/proteus/gcc/bin/../lib/gcc/arm-none-eabi/9.2.1/../../../../arm-none-eabi/lib/thumb/v7e-m/nofp\libg.a(lib_a-svfprintf.o)
                0x0001c518                _svfprintf_r
 .text.__swbuf_r
                0x0001dfe4       0xb0 c:/fehqt/proteus/gcc/bin/../lib/gcc/arm-none-eabi/9.2.1/../../../../arm-none-eabi/lib/thumb/v7e-m/nofp\libg.a(lib_a-wbuf.o)
                0x0001dfe4                __swbuf_r
 .text._write_r
                0x0001e094       0x2c c:/fehqt/proteus/gcc/bin/../lib/gcc/arm-none-eabi/9.2.1/../../../../arm-none-eabi/lib/thumb/v7e-m/nofp\libg.a(lib_a-writer.o)
                0x0001e094                _write_r
 .text.__swsetup_r
                0x0001e0c0       0xd0 c:/fehqt/proteus/gcc/bin/../lib/gcc/arm-none-eabi/9.2.1/../../../../arm-none-eabi/lib/thumb/v7e-m/nofp\libg.a(lib_a-wsetup.o)
                0x0001e0c0                __swsetup_r
 .text.startup.register_fini
                0x0001e190       0x14 c:/fehqt/proteus/gcc/bin/../lib/gcc/arm-none-eabi/9.2.1/../../../../arm-none-eabi/lib/thumb/v7e-m/nofp\libg.a(lib_a-__call_atexit.o)
 .text.atexit   0x0001e1a4        0xc c:/fehqt/proteus/gcc/bin/../lib/gcc/arm-none-eabi/9.2.1/../../../../arm-none-eabi/lib/thumb/v7e-m/nofp\libg.a(lib_a-atexit.o)
                0x0001e1a4                atexit
 .text.quorem   0x0001e1b0      0x11c c:/fehqt/proteus/gcc/bin/../lib/gcc/arm-none-eabi/9.2.1/../../../../arm-none-eabi/lib/thumb/v7e-m/nofp\libg.a(lib_a-dtoa.o)
 *fill*         0x0001e2cc        0x4 ff
 .text._dtoa_r  0x0001e2d0      0xeb8 c:/fehqt/proteus/gcc/bin/../lib/gcc/arm-none-eabi/9.2.1/../../../../arm-none-eabi/lib/thumb/v7e-m/nofp\libg.a(lib_a-dtoa.o)
                0x0001e2d0                _dtoa_r
 .text.__sflush_r
                0x0001f188      0x130 c:/fehqt/proteus/gcc/bin/../lib/gcc/arm-none-eabi/9.2.1/../../../../arm-none-eabi/lib/thumb/v7e-m/nofp\libg.a(lib_a-fflush.o)
                0x0001f188                __sflush_r
 .text._fflush_r
                0x0001f2b8       0x5c c:/fehqt/proteus/gcc/bin/../lib/gcc/arm-none-eabi/9.2.1/../../../../arm-none-eabi/lib/thumb/v7e-m/nofp\libg.a(lib_a-fflush.o)
                0x0001f2b8                _fflush_r
 .text.std      0x0001f314       0x50 c:/fehqt/proteus/gcc/bin/../lib/gcc/arm-none-eabi/9.2.1/../../../../arm-none-eabi/lib/thumb/v7e-m/nofp\libg.a(lib_a-findfp.o)
 .text._cleanup_r
                0x0001f364        0xc c:/fehqt/proteus/gcc/bin/../lib/gcc/arm-none-eabi/9.2.1/../../../../arm-none-eabi/lib/thumb/v7e-m/nofp\libg.a(lib_a-findfp.o)
                0x0001f364                _cleanup_r
 .text.__sinit  0x0001f370       0x54 c:/fehqt/proteus/gcc/bin/../lib/gcc/arm-none-eabi/9.2.1/../../../../arm-none-eabi/lib/thumb/v7e-m/nofp\libg.a(lib_a-findfp.o)
                0x0001f370                __sinit
 .text.__sfp_lock_acquire
                0x0001f3c4        0xc c:/fehqt/proteus/gcc/bin/../lib/gcc/arm-none-eabi/9.2.1/../../../../arm-none-eabi/lib/thumb/v7e-m/nofp\libg.a(lib_a-findfp.o)
                0x0001f3c4                __sfp_lock_acquire
 .text.__sfp_lock_release
                0x0001f3d0        0xc c:/fehqt/proteus/gcc/bin/../lib/gcc/arm-none-eabi/9.2.1/../../../../arm-none-eabi/lib/thumb/v7e-m/nofp\libg.a(lib_a-findfp.o)
                0x0001f3d0                __sfp_lock_release
 .text.__libc_fini_array
                0x0001f3dc       0x2c c:/fehqt/proteus/gcc/bin/../lib/gcc/arm-none-eabi/9.2.1/../../../../arm-none-eabi/lib/thumb/v7e-m/nofp\libg.a(lib_a-fini.o)
                0x0001f3dc                __libc_fini_array
 .text._malloc_trim_r
                0x0001f408       0xa0 c:/fehqt/proteus/gcc/bin/../lib/gcc/arm-none-eabi/9.2.1/../../../../arm-none-eabi/lib/thumb/v7e-m/nofp\libg.a(lib_a-freer.o)
                0x0001f408                _malloc_trim_r
 .text._free_r  0x0001f4a8      0x208 c:/fehqt/proteus/gcc/bin/../lib/gcc/arm-none-eabi/9.2.1/../../../../arm-none-eabi/lib/thumb/v7e-m/nofp\libg.a(lib_a-freer.o)
                0x0001f4a8                _free_r
 .text._fwalk_reent
                0x0001f6b0       0x48 c:/fehqt/proteus/gcc/bin/../lib/gcc/arm-none-eabi/9.2.1/../../../../arm-none-eabi/lib/thumb/v7e-m/nofp\libg.a(lib_a-fwalk.o)
                0x0001f6b0                _fwalk_reent
 .text._localeconv_r
                0x0001f6f8        0x8 c:/fehqt/proteus/gcc/bin/../lib/gcc/arm-none-eabi/9.2.1/../../../../arm-none-eabi/lib/thumb/v7e-m/nofp\libg.a(lib_a-localeconv.o)
                0x0001f6f8                _localeconv_r
 .text.__swhatbuf_r
                0x0001f700       0x5c c:/fehqt/proteus/gcc/bin/../lib/gcc/arm-none-eabi/9.2.1/../../../../arm-none-eabi/lib/thumb/v7e-m/nofp\libg.a(lib_a-makebuf.o)
                0x0001f700                __swhatbuf_r
 .text.__smakebuf_r
                0x0001f75c       0x98 c:/fehqt/proteus/gcc/bin/../lib/gcc/arm-none-eabi/9.2.1/../../../../arm-none-eabi/lib/thumb/v7e-m/nofp\libg.a(lib_a-makebuf.o)
                0x0001f75c                __smakebuf_r
 .text._Balloc  0x0001f7f4       0x4c c:/fehqt/proteus/gcc/bin/../lib/gcc/arm-none-eabi/9.2.1/../../../../arm-none-eabi/lib/thumb/v7e-m/nofp\libg.a(lib_a-mprec.o)
                0x0001f7f4                _Balloc
 .text._Bfree   0x0001f840       0x14 c:/fehqt/proteus/gcc/bin/../lib/gcc/arm-none-eabi/9.2.1/../../../../arm-none-eabi/lib/thumb/v7e-m/nofp\libg.a(lib_a-mprec.o)
                0x0001f840                _Bfree
 .text.__multadd
                0x0001f854       0x80 c:/fehqt/proteus/gcc/bin/../lib/gcc/arm-none-eabi/9.2.1/../../../../arm-none-eabi/lib/thumb/v7e-m/nofp\libg.a(lib_a-mprec.o)
                0x0001f854                __multadd
 .text.__hi0bits
                0x0001f8d4       0x40 c:/fehqt/proteus/gcc/bin/../lib/gcc/arm-none-eabi/9.2.1/../../../../arm-none-eabi/lib/thumb/v7e-m/nofp\libg.a(lib_a-mprec.o)
                0x0001f8d4                __hi0bits
 .text.__lo0bits
                0x0001f914       0x60 c:/fehqt/proteus/gcc/bin/../lib/gcc/arm-none-eabi/9.2.1/../../../../arm-none-eabi/lib/thumb/v7e-m/nofp\libg.a(lib_a-mprec.o)
                0x0001f914                __lo0bits
 .text.__i2b    0x0001f974       0x14 c:/fehqt/proteus/gcc/bin/../lib/gcc/arm-none-eabi/9.2.1/../../../../arm-none-eabi/lib/thumb/v7e-m/nofp\libg.a(lib_a-mprec.o)
                0x0001f974                __i2b
 .text.__multiply
                0x0001f988      0x144 c:/fehqt/proteus/gcc/bin/../lib/gcc/arm-none-eabi/9.2.1/../../../../arm-none-eabi/lib/thumb/v7e-m/nofp\libg.a(lib_a-mprec.o)
                0x0001f988                __multiply
 .text.__pow5mult
                0x0001facc       0xa0 c:/fehqt/proteus/gcc/bin/../lib/gcc/arm-none-eabi/9.2.1/../../../../arm-none-eabi/lib/thumb/v7e-m/nofp\libg.a(lib_a-mprec.o)
                0x0001facc                __pow5mult
 .text.__lshift
                0x0001fb6c       0xd4 c:/fehqt/proteus/gcc/bin/../lib/gcc/arm-none-eabi/9.2.1/../../../../arm-none-eabi/lib/thumb/v7e-m/nofp\libg.a(lib_a-mprec.o)
                0x0001fb6c                __lshift
 .text.__mcmp   0x0001fc40       0x3c c:/fehqt/proteus/gcc/bin/../lib/gcc/arm-none-eabi/9.2.1/../../../../arm-none-eabi/lib/thumb/v7e-m/nofp\libg.a(lib_a-mprec.o)
                0x0001fc40                __mcmp
 .text.__mdiff  0x0001fc7c      0x138 c:/fehqt/proteus/gcc/bin/../lib/gcc/arm-none-eabi/9.2.1/../../../../arm-none-eabi/lib/thumb/v7e-m/nofp\libg.a(lib_a-mprec.o)
                0x0001fc7c                __mdiff
 .text.__d2b    0x0001fdb4       0xa8 c:/fehqt/proteus/gcc/bin/../lib/gcc/arm-none-eabi/9.2.1/../../../../arm-none-eabi/lib/thumb/v7e-m/nofp\libg.a(lib_a-mprec.o)
                0x0001fdb4                __d2b
 .text.frexp    0x0001fe5c       0x70 c:/fehqt/proteus/gcc/bin/../lib/gcc/arm-none-eabi/9.2.1/../../../../arm-none-eabi/lib/thumb/v7e-m/nofp\libg.a(lib_a-s_frexp.o)
                0x0001fe5c                frexp
 .text.__sread  0x0001fecc       0x24 c:/fehqt/proteus/gcc/bin/../lib/gcc/arm-none-eabi/9.2.1/../../../../arm-none-eabi/lib/thumb/v7e-m/nofp\libg.a(lib_a-stdio.o)
                0x0001fecc                __sread
 .text.__swrite
                0x0001fef0       0x40 c:/fehqt/proteus/gcc/bin/../lib/gcc/arm-none-eabi/9.2.1/../../../../arm-none-eabi/lib/thumb/v7e-m/nofp\libg.a(lib_a-stdio.o)
                0x0001fef0                __swrite
 .text.__sseek  0x0001ff30       0x20 c:/fehqt/proteus/gcc/bin/../lib/gcc/arm-none-eabi/9.2.1/../../../../arm-none-eabi/lib/thumb/v7e-m/nofp\libg.a(lib_a-stdio.o)
                0x0001ff30                __sseek
 .text.__sclose
                0x0001ff50        0x8 c:/fehqt/proteus/gcc/bin/../lib/gcc/arm-none-eabi/9.2.1/../../../../arm-none-eabi/lib/thumb/v7e-m/nofp\libg.a(lib_a-stdio.o)
                0x0001ff50                __sclose
 .text.strncpy  0x0001ff58       0x68 c:/fehqt/proteus/gcc/bin/../lib/gcc/arm-none-eabi/9.2.1/../../../../arm-none-eabi/lib/thumb/v7e-m/nofp\libg.a(lib_a-strncpy.o)
                0x0001ff58                strncpy
 .text.__ssprint_r
                0x0001ffc0       0xf8 c:/fehqt/proteus/gcc/bin/../lib/gcc/arm-none-eabi/9.2.1/../../../../arm-none-eabi/lib/thumb/v7e-m/nofp\libg.a(lib_a-svfiprintf.o)
                0x0001ffc0                __ssprint_r
 .text.__register_exitproc
                0x000200b8       0x8c c:/fehqt/proteus/gcc/bin/../lib/gcc/arm-none-eabi/9.2.1/../../../../arm-none-eabi/lib/thumb/v7e-m/nofp\libg.a(lib_a-__atexit.o)
                0x000200b8                __register_exitproc
 .text._calloc_r
                0x00020144       0x60 c:/fehqt/proteus/gcc/bin/../lib/gcc/arm-none-eabi/9.2.1/../../../../arm-none-eabi/lib/thumb/v7e-m/nofp\libg.a(lib_a-callocr.o)
                0x00020144                _calloc_r
 .text._close_r
                0x000201a4       0x24 c:/fehqt/proteus/gcc/bin/../lib/gcc/arm-none-eabi/9.2.1/../../../../arm-none-eabi/lib/thumb/v7e-m/nofp\libg.a(lib_a-closer.o)
                0x000201a4                _close_r
 .text._fclose_r
                0x000201c8       0xcc c:/fehqt/proteus/gcc/bin/../lib/gcc/arm-none-eabi/9.2.1/../../../../arm-none-eabi/lib/thumb/v7e-m/nofp\libg.a(lib_a-fclose.o)
                0x000201c8                _fclose_r
 .text._fstat_r
                0x00020294       0x2c c:/fehqt/proteus/gcc/bin/../lib/gcc/arm-none-eabi/9.2.1/../../../../arm-none-eabi/lib/thumb/v7e-m/nofp\libg.a(lib_a-fstatr.o)
                0x00020294                _fstat_r
 .text._isatty_r
                0x000202c0       0x24 c:/fehqt/proteus/gcc/bin/../lib/gcc/arm-none-eabi/9.2.1/../../../../arm-none-eabi/lib/thumb/v7e-m/nofp\libg.a(lib_a-isattyr.o)
                0x000202c0                _isatty_r
 .text._lseek_r
                0x000202e4       0x2c c:/fehqt/proteus/gcc/bin/../lib/gcc/arm-none-eabi/9.2.1/../../../../arm-none-eabi/lib/thumb/v7e-m/nofp\libg.a(lib_a-lseekr.o)
                0x000202e4                _lseek_r
 .text.__ascii_mbtowc
                0x00020310       0x2c c:/fehqt/proteus/gcc/bin/../lib/gcc/arm-none-eabi/9.2.1/../../../../arm-none-eabi/lib/thumb/v7e-m/nofp\libg.a(lib_a-mbtowc_r.o)
                0x00020310                __ascii_mbtowc
 .text._read_r  0x0002033c       0x2c c:/fehqt/proteus/gcc/bin/../lib/gcc/arm-none-eabi/9.2.1/../../../../arm-none-eabi/lib/thumb/v7e-m/nofp\libg.a(lib_a-readr.o)
                0x0002033c                _read_r
 .text.__ascii_wctomb
                0x00020368       0x1c c:/fehqt/proteus/gcc/bin/../lib/gcc/arm-none-eabi/9.2.1/../../../../arm-none-eabi/lib/thumb/v7e-m/nofp\libg.a(lib_a-wctomb_r.o)
                0x00020368                __ascii_wctomb
 .text          0x00020384       0x2c c:/fehqt/proteus/gcc/bin/../lib/gcc/arm-none-eabi/9.2.1/thumb/v7e-m/nofp\libgcc.a(_arm_unorddf2.o)
                0x00020384                __unorddf2
                0x00020384                __aeabi_dcmpun
 .text          0x000203b0       0x30 c:/fehqt/proteus/gcc/bin/../lib/gcc/arm-none-eabi/9.2.1/thumb/v7e-m/nofp\libgcc.a(_aeabi_uldivmod.o)
                0x000203b0                __aeabi_uldivmod
 .text          0x000203e0      0x2c0 c:/fehqt/proteus/gcc/bin/../lib/gcc/arm-none-eabi/9.2.1/thumb/v7e-m/nofp\libgcc.a(_udivmoddi4.o)
                0x000203e0                __udivmoddi4
 .text          0x000206a0        0x4 c:/fehqt/proteus/gcc/bin/../lib/gcc/arm-none-eabi/9.2.1/thumb/v7e-m/nofp\libgcc.a(_dvmd_tls.o)
                0x000206a0                __aeabi_idiv0
                0x000206a0                __aeabi_ldiv0
 .text._close   0x000206a4       0x10 c:/fehqt/proteus/gcc/bin/../lib/gcc/arm-none-eabi/9.2.1/../../../../arm-none-eabi/lib/thumb/v7e-m/nofp\libnosys.a(close.o)
                0x000206a4                _close
 .text._fstat   0x000206b4       0x10 c:/fehqt/proteus/gcc/bin/../lib/gcc/arm-none-eabi/9.2.1/../../../../arm-none-eabi/lib/thumb/v7e-m/nofp\libnosys.a(fstat.o)
                0x000206b4                _fstat
 .text._getpid  0x000206c4       0x10 c:/fehqt/proteus/gcc/bin/../lib/gcc/arm-none-eabi/9.2.1/../../../../arm-none-eabi/lib/thumb/v7e-m/nofp\libnosys.a(getpid.o)
                0x000206c4                _getpid
 .text._isatty  0x000206d4       0x10 c:/fehqt/proteus/gcc/bin/../lib/gcc/arm-none-eabi/9.2.1/../../../../arm-none-eabi/lib/thumb/v7e-m/nofp\libnosys.a(isatty.o)
                0x000206d4                _isatty
 .text._kill    0x000206e4       0x10 c:/fehqt/proteus/gcc/bin/../lib/gcc/arm-none-eabi/9.2.1/../../../../arm-none-eabi/lib/thumb/v7e-m/nofp\libnosys.a(kill.o)
                0x000206e4                _kill
 .text._lseek   0x000206f4       0x10 c:/fehqt/proteus/gcc/bin/../lib/gcc/arm-none-eabi/9.2.1/../../../../arm-none-eabi/lib/thumb/v7e-m/nofp\libnosys.a(lseek.o)
                0x000206f4                _lseek
 .text._read    0x00020704       0x10 c:/fehqt/proteus/gcc/bin/../lib/gcc/arm-none-eabi/9.2.1/../../../../arm-none-eabi/lib/thumb/v7e-m/nofp\libnosys.a(read.o)
                0x00020704                _read
 .text._sbrk    0x00020714       0x1c c:/fehqt/proteus/gcc/bin/../lib/gcc/arm-none-eabi/9.2.1/../../../../arm-none-eabi/lib/thumb/v7e-m/nofp\libnosys.a(sbrk.o)
                0x00020714                _sbrk
 .text._write   0x00020730       0x10 c:/fehqt/proteus/gcc/bin/../lib/gcc/arm-none-eabi/9.2.1/../../../../arm-none-eabi/lib/thumb/v7e-m/nofp\libnosys.a(write.o)
                0x00020730                _write
 .text._exit    0x00020740        0x4 c:/fehqt/proteus/gcc/bin/../lib/gcc/arm-none-eabi/9.2.1/../../../../arm-none-eabi/lib/thumb/v7e-m/nofp\libnosys.a(_exit.o)
                0x00020740                _exit
 *(.rodata .rodata.* .constdata .constdata.*)
 .rodata        0x00020744        0x8 ../main.o
 .rodata.K60_SDHC0_init
                0x0002074c        0xc Drivers/SDHC.o
                0x0002074c                K60_SDHC0_init
 .rodata._ZL21ESDHC_COMMAND_XFERTYP
                0x00020758      0x100 Drivers/SDHC.o
 .rodata._ZL10ADCNumbers
                0x00020858       0x21 Libraries/FEHIO.o
 *fill*         0x00020879        0x3 ff
 .rodata._ZL16AnalogPinNumbers
                0x0002087c       0x84 Libraries/FEHIO.o
 .rodata        0x00020900       0x58 Libraries/FEHIO.o
 .rodata        0x00020958       0x32 Libraries/FEHLCD.o
 *fill*         0x0002098a        0x2 ff
 .rodata._ZNKSt9bad_alloc4whatEv.str1.4
                0x0002098c        0xf c:/fehqt/proteus/gcc/bin/../lib/gcc/arm-none-eabi/9.2.1/../../../../arm-none-eabi/lib/thumb/v7e-m/nofp\libstdc++.a(bad_alloc.o)
 *fill*         0x0002099b        0x1 ff
 .rodata._ZTISt9bad_alloc
                0x0002099c        0xc c:/fehqt/proteus/gcc/bin/../lib/gcc/arm-none-eabi/9.2.1/../../../../arm-none-eabi/lib/thumb/v7e-m/nofp\libstdc++.a(bad_alloc.o)
                0x0002099c                typeinfo for std::bad_alloc
 .rodata._ZTSSt9bad_alloc
                0x000209a8        0xd c:/fehqt/proteus/gcc/bin/../lib/gcc/arm-none-eabi/9.2.1/../../../../arm-none-eabi/lib/thumb/v7e-m/nofp\libstdc++.a(bad_alloc.o)
                0x000209a8                typeinfo name for std::bad_alloc
 *fill*         0x000209b5        0x3 ff
 .rodata._ZTVSt9bad_alloc
                0x000209b8       0x14 c:/fehqt/proteus/gcc/bin/../lib/gcc/arm-none-eabi/9.2.1/../../../../arm-none-eabi/lib/thumb/v7e-m/nofp\libstdc++.a(bad_alloc.o)
                0x000209b8                vtable for std::bad_alloc
 .rodata._ZNKSt13bad_exception4whatEv.str1.4
                0x000209cc       0x13 c:/fehqt/proteus/gcc/bin/../lib/gcc/arm-none-eabi/9.2.1/../../../../arm-none-eabi/lib/thumb/v7e-m/nofp\libstdc++.a(eh_exception.o)
 *fill*         0x000209df        0x1 ff
 .rodata._ZTIN10__cxxabiv115__forced_unwindE